Command line invocation:
    /Applications/Xcode.app/Contents/Developer/usr/bin/xcodebuild build -project curby.xcodeproj -scheme curby -destination "generic/platform=iOS Simulator"

Resolve Package Graph


Resolved source packages:
  MapboxCommon: https://github.com/mapbox/mapbox-common-ios.git @ 24.22.0
  MapboxMaps: https://github.com/mapbox/mapbox-maps-ios.git @ 11.22.0
  PhosphorSwift: https://github.com/phosphor-icons/swift @ 2.1.0
  Turf: https://github.com/mapbox/turf-swift.git @ 4.0.0
  MapboxCoreMaps: https://github.com/mapbox/mapbox-core-maps-ios.git @ 11.22.0

ComputePackagePrebuildTargetDependencyGraph

Prepare packages

CreateBuildRequest

SendProjectDescription

CreateBuildOperation

ComputeTargetDependencyGraph
note: Building targets in dependency order
note: Target dependency graph (12 targets)
    Target 'curby' in project 'curby'
        ➜ Explicit dependency on target 'MapboxMaps' in project 'MapboxMaps'
        ➜ Explicit dependency on target 'PhosphorSwift' in project 'PhosphorSwift'
    Target 'PhosphorSwift' in project 'PhosphorSwift'
        ➜ Explicit dependency on target 'PhosphorSwift' in project 'PhosphorSwift'
        ➜ Explicit dependency on target 'PhosphorSwift_PhosphorSwift' in project 'PhosphorSwift'
    Target 'PhosphorSwift' in project 'PhosphorSwift'
        ➜ Explicit dependency on target 'PhosphorSwift_PhosphorSwift' in project 'PhosphorSwift'
    Target 'PhosphorSwift_PhosphorSwift' in project 'PhosphorSwift' (no dependencies)
    Target 'MapboxMaps' in project 'MapboxMaps'
        ➜ Explicit dependency on target 'MapboxMaps' in project 'MapboxMaps'
        ➜ Explicit dependency on target 'MapboxMaps_MapboxMaps' in project 'MapboxMaps'
        ➜ Explicit dependency on target 'Turf' in project 'Turf'
        ➜ Explicit dependency on target 'MapboxCommon' in project 'MapboxCommon'
        ➜ Explicit dependency on target 'MapboxCoreMaps' in project 'MapboxCoreMaps'
    Target 'MapboxMaps' in project 'MapboxMaps'
        ➜ Explicit dependency on target 'MapboxMaps_MapboxMaps' in project 'MapboxMaps'
        ➜ Explicit dependency on target 'Turf' in project 'Turf'
        ➜ Explicit dependency on target 'MapboxCommon' in project 'MapboxCommon'
        ➜ Explicit dependency on target 'MapboxCoreMaps' in project 'MapboxCoreMaps'
    Target 'MapboxCoreMaps' in project 'MapboxCoreMaps'
        ➜ Explicit dependency on target 'MapboxCoreMapsWrapper' in project 'MapboxCoreMaps'
        ➜ Explicit dependency on target 'MapboxCommon' in project 'MapboxCommon'
    Target 'MapboxCoreMapsWrapper' in project 'MapboxCoreMaps'
        ➜ Explicit dependency on target 'MapboxCommon' in project 'MapboxCommon'
    Target 'MapboxCommon' in project 'MapboxCommon'
        ➜ Explicit dependency on target 'MapboxCommonWrapper' in project 'MapboxCommon'
        ➜ Explicit dependency on target 'Turf' in project 'Turf'
    Target 'MapboxCommonWrapper' in project 'MapboxCommon'
        ➜ Explicit dependency on target 'Turf' in project 'Turf'
    Target 'Turf' in project 'Turf' (no dependencies)
    Target 'MapboxMaps_MapboxMaps' in project 'MapboxMaps' (no dependencies)

GatherProvisioningInputs

CreateBuildDescription

ExecuteExternalTool /Applications/Xcode.app/Contents/Developer/Toolchains/XcodeDefault.xctoolchain/usr/bin/swiftc --version

ExecuteExternalTool /Applications/Xcode.app/Contents/Developer/usr/bin/actool --version --output-format xml1

ExecuteExternalTool /Applications/Xcode.app/Contents/Developer/usr/bin/actool --print-asset-tag-combinations --output-format xml1 /Users/bilalshihab/dev/curby/curby/Assets.xcassets

ExecuteExternalTool /Applications/Xcode.app/Contents/Developer/Toolchains/XcodeDefault.xctoolchain/usr/bin/clang -v -E -dM -isysroot /Applications/Xcode.app/Contents/Developer/Platforms/iPhoneSimulator.platform/Developer/SDKs/iPhoneSimulator26.4.sdk -x c -c /dev/null

ExecuteExternalTool /Applications/Xcode.app/Contents/Developer/Toolchains/XcodeDefault.xctoolchain/usr/bin/ld -version_details

ReadFileContents /Applications/Xcode.app/Contents/Developer/Toolchains/XcodeDefault.xctoolchain/usr/share/docc/features.json

Build description signature: b81e8b4f719bd1668b4fa2dbf3c0c5fc
Build description path: /Users/bilalshihab/Library/Developer/Xcode/DerivedData/curby-eezqjhizyeedingcpgpfxuniqpdy/Build/Intermediates.noindex/XCBuildData/b81e8b4f719bd1668b4fa2dbf3c0c5fc.xcbuilddata
ClangStatCache /Applications/Xcode.app/Contents/Developer/Toolchains/XcodeDefault.xctoolchain/usr/bin/clang-stat-cache /Applications/Xcode.app/Contents/Developer/Platforms/iPhoneSimulator.platform/Developer/SDKs/iPhoneSimulator26.4.sdk /Users/bilalshihab/Library/Developer/Xcode/DerivedData/SDKStatCaches.noindex/iphonesimulator26.4-23E252-688ef53f1462e2c8f657fdc38a81448f686eebb5dc1d8ecb277353a59184f4aa.sdkstatcache
    cd /Users/bilalshihab/dev/curby/curby.xcodeproj
    /Applications/Xcode.app/Contents/Developer/Toolchains/XcodeDefault.xctoolchain/usr/bin/clang-stat-cache /Applications/Xcode.app/Contents/Developer/Platforms/iPhoneSimulator.platform/Developer/SDKs/iPhoneSimulator26.4.sdk -o /Users/bilalshihab/Library/Developer/Xcode/DerivedData/SDKStatCaches.noindex/iphonesimulator26.4-23E252-688ef53f1462e2c8f657fdc38a81448f686eebb5dc1d8ecb277353a59184f4aa.sdkstatcache

CompileAssetCatalogVariant thinned /Users/bilalshihab/Library/Developer/Xcode/DerivedData/curby-eezqjhizyeedingcpgpfxuniqpdy/Build/Products/Release-iphonesimulator/PhosphorSwift_PhosphorSwift.bundle /Users/bilalshihab/Library/Developer/Xcode/DerivedData/curby-eezqjhizyeedingcpgpfxuniqpdy/SourcePackages/checkouts/swift/Sources/PhosphorSwift/Resources/Assets.xcassets (in target 'PhosphorSwift_PhosphorSwift' from project 'PhosphorSwift')
    cd /Users/bilalshihab/Library/Developer/Xcode/DerivedData/curby-eezqjhizyeedingcpgpfxuniqpdy/SourcePackages/checkouts/swift
    /Applications/Xcode.app/Contents/Developer/usr/bin/actool /Users/bilalshihab/Library/Developer/Xcode/DerivedData/curby-eezqjhizyeedingcpgpfxuniqpdy/SourcePackages/checkouts/swift/Sources/PhosphorSwift/Resources/Assets.xcassets --compile /Users/bilalshihab/Library/Developer/Xcode/DerivedData/curby-eezqjhizyeedingcpgpfxuniqpdy/Build/Intermediates.noindex/PhosphorSwift.build/Release-iphonesimulator/PhosphorSwift_PhosphorSwift.build/assetcatalog_output/thinned --output-format human-readable-text --notices --warnings --export-dependency-info /Users/bilalshihab/Library/Developer/Xcode/DerivedData/curby-eezqjhizyeedingcpgpfxuniqpdy/Build/Intermediates.noindex/PhosphorSwift.build/Release-iphonesimulator/PhosphorSwift_PhosphorSwift.build/assetcatalog_dependencies_thinned --output-partial-info-plist /Users/bilalshihab/Library/Developer/Xcode/DerivedData/curby-eezqjhizyeedingcpgpfxuniqpdy/Build/Intermediates.noindex/PhosphorSwift.build/Release-iphonesimulator/PhosphorSwift_PhosphorSwift.build/assetcatalog_generated_info.plist_thinned --compress-pngs --enable-on-demand-resources NO --development-region en --target-device iphone --target-device ipad --minimum-deployment-target 13.0 --platform iphonesimulator

ProcessInfoPlistFile /Users/bilalshihab/Library/Developer/Xcode/DerivedData/curby-eezqjhizyeedingcpgpfxuniqpdy/Build/Products/Release-iphonesimulator/MapboxMaps_MapboxMaps.bundle/Info.plist /Users/bilalshihab/Library/Developer/Xcode/DerivedData/curby-eezqjhizyeedingcpgpfxuniqpdy/Build/Intermediates.noindex/MapboxMaps.build/Release-iphonesimulator/MapboxMaps_MapboxMaps.build/empty-MapboxMaps_MapboxMaps.plist (in target 'MapboxMaps_MapboxMaps' from project 'MapboxMaps')
    cd /Users/bilalshihab/Library/Developer/Xcode/DerivedData/curby-eezqjhizyeedingcpgpfxuniqpdy/SourcePackages/checkouts/mapbox-maps-ios
    builtin-infoPlistUtility /Users/bilalshihab/Library/Developer/Xcode/DerivedData/curby-eezqjhizyeedingcpgpfxuniqpdy/Build/Intermediates.noindex/MapboxMaps.build/Release-iphonesimulator/MapboxMaps_MapboxMaps.build/empty-MapboxMaps_MapboxMaps.plist -producttype com.apple.product-type.bundle -expandbuildsettings -format binary -platform iphonesimulator -additionalcontentfile /Users/bilalshihab/Library/Developer/Xcode/DerivedData/curby-eezqjhizyeedingcpgpfxuniqpdy/Build/Intermediates.noindex/MapboxMaps.build/Release-iphonesimulator/MapboxMaps_MapboxMaps.build/assetcatalog_generated_info.plist -o /Users/bilalshihab/Library/Developer/Xcode/DerivedData/curby-eezqjhizyeedingcpgpfxuniqpdy/Build/Products/Release-iphonesimulator/MapboxMaps_MapboxMaps.bundle/Info.plist

SwiftDriver curby normal arm64 com.apple.xcode.tools.swift.compiler (in target 'curby' from project 'curby')
    cd /Users/bilalshihab/dev/curby
    builtin-SwiftDriver -- /Applications/Xcode.app/Contents/Developer/Toolchains/XcodeDefault.xctoolchain/usr/bin/swiftc -module-name curby -O -whole-module-optimization @/Users/bilalshihab/Library/Developer/Xcode/DerivedData/curby-eezqjhizyeedingcpgpfxuniqpdy/Build/Intermediates.noindex/curby.build/Release-iphonesimulator/curby.build/Objects-normal/arm64/curby.SwiftFileList -default-isolation\=MainActor -enable-bare-slash-regex -enable-upcoming-feature DisableOutwardActorInference -enable-upcoming-feature InferSendableFromCaptures -enable-upcoming-feature GlobalActorIsolatedTypesUsability -enable-upcoming-feature MemberImportVisibility -enable-upcoming-feature InferIsolatedConformances -enable-upcoming-feature NonisolatedNonsendingByDefault -enable-experimental-feature DebugDescriptionMacro -sdk /Applications/Xcode.app/Contents/Developer/Platforms/iPhoneSimulator.platform/Developer/SDKs/iPhoneSimulator26.4.sdk -target arm64-apple-ios26.2-simulator -g -module-cache-path /Users/bilalshihab/Library/Developer/Xcode/DerivedData/ModuleCache.noindex -Xfrontend -serialize-debugging-options -profile-coverage-mapping -profile-generate -swift-version 5 -I /Users/bilalshihab/Library/Developer/Xcode/DerivedData/curby-eezqjhizyeedingcpgpfxuniqpdy/Build/Products/Release-iphonesimulator -F /Users/bilalshihab/Library/Developer/Xcode/DerivedData/curby-eezqjhizyeedingcpgpfxuniqpdy/Build/Products/Release-iphonesimulator/PackageFrameworks -F /Users/bilalshihab/Library/Developer/Xcode/DerivedData/curby-eezqjhizyeedingcpgpfxuniqpdy/Build/Products/Release-iphonesimulator/PackageFrameworks -F /Users/bilalshihab/Library/Developer/Xcode/DerivedData/curby-eezqjhizyeedingcpgpfxuniqpdy/Build/Products/Release-iphonesimulator/PackageFrameworks -F /Users/bilalshihab/Library/Developer/Xcode/DerivedData/curby-eezqjhizyeedingcpgpfxuniqpdy/Build/Products/Release-iphonesimulator/PackageFrameworks -F /Users/bilalshihab/Library/Developer/Xcode/DerivedData/curby-eezqjhizyeedingcpgpfxuniqpdy/Build/Products/Release-iphonesimulator -emit-localized-strings -emit-localized-strings-path /Users/bilalshihab/Library/Developer/Xcode/DerivedData/curby-eezqjhizyeedingcpgpfxuniqpdy/Build/Intermediates.noindex/curby.build/Release-iphonesimulator/curby.build/Objects-normal/arm64 -c -num-threads 10 -Xcc -ivfsstatcache -Xcc /Users/bilalshihab/Library/Developer/Xcode/DerivedData/SDKStatCaches.noindex/iphonesimulator26.4-23E252-688ef53f1462e2c8f657fdc38a81448f686eebb5dc1d8ecb277353a59184f4aa.sdkstatcache -output-file-map /Users/bilalshihab/Library/Developer/Xcode/DerivedData/curby-eezqjhizyeedingcpgpfxuniqpdy/Build/Intermediates.noindex/curby.build/Release-iphonesimulator/curby.build/Objects-normal/arm64/curby-OutputFileMap.json -use-frontend-parseable-output -save-temps -no-color-diagnostics -explicit-module-build -module-cache-path /Users/bilalshihab/Library/Developer/Xcode/DerivedData/curby-eezqjhizyeedingcpgpfxuniqpdy/Build/Intermediates.noindex/SwiftExplicitPrecompiledModules -clang-scanner-module-cache-path /Users/bilalshihab/Library/Developer/Xcode/DerivedData/ModuleCache.noindex -sdk-module-cache-path /Users/bilalshihab/Library/Developer/Xcode/DerivedData/ModuleCache.noindex -serialize-diagnostics -emit-dependencies -emit-module -emit-module-path /Users/bilalshihab/Library/Developer/Xcode/DerivedData/curby-eezqjhizyeedingcpgpfxuniqpdy/Build/Intermediates.noindex/curby.build/Release-iphonesimulator/curby.build/Objects-normal/arm64/curby.swiftmodule -validate-clang-modules-once -clang-build-session-file /Users/bilalshihab/Library/Developer/Xcode/DerivedData/ModuleCache.noindex/Session.modulevalidation -Xcc -I/Users/bilalshihab/Library/Developer/Xcode/DerivedData/curby-eezqjhizyeedingcpgpfxuniqpdy/Build/Intermediates.noindex/curby.build/Release-iphonesimulator/curby.build/swift-overrides.hmap -emit-const-values -Xfrontend -const-gather-protocols-file -Xfrontend /Users/bilalshihab/Library/Developer/Xcode/DerivedData/curby-eezqjhizyeedingcpgpfxuniqpdy/Build/Intermediates.noindex/curby.build/Release-iphonesimulator/curby.build/Objects-normal/arm64/curby_const_extract_protocols.json -Xcc -iquote -Xcc /Users/bilalshihab/Library/Developer/Xcode/DerivedData/curby-eezqjhizyeedingcpgpfxuniqpdy/Build/Intermediates.noindex/curby.build/Release-iphonesimulator/curby.build/curby-generated-files.hmap -Xcc -I/Users/bilalshihab/Library/Developer/Xcode/DerivedData/curby-eezqjhizyeedingcpgpfxuniqpdy/Build/Intermediates.noindex/curby.build/Release-iphonesimulator/curby.build/curby-own-target-headers.hmap -Xcc -I/Users/bilalshihab/Library/Developer/Xcode/DerivedData/curby-eezqjhizyeedingcpgpfxuniqpdy/Build/Intermediates.noindex/curby.build/Release-iphonesimulator/curby.build/curby-all-non-framework-target-headers.hmap -Xcc -ivfsoverlay -Xcc /Users/bilalshihab/Library/Developer/Xcode/DerivedData/curby-eezqjhizyeedingcpgpfxuniqpdy/Build/Intermediates.noindex/curby.build/Release-iphonesimulator/curby-b176358faf124f04501ca52d24b7e9bb-VFS-iphonesimulator/all-product-headers.yaml -Xcc -iquote -Xcc /Users/bilalshihab/Library/Developer/Xcode/DerivedData/curby-eezqjhizyeedingcpgpfxuniqpdy/Build/Intermediates.noindex/curby.build/Release-iphonesimulator/curby.build/curby-project-headers.hmap -Xcc -I/Users/bilalshihab/Library/Developer/Xcode/DerivedData/curby-eezqjhizyeedingcpgpfxuniqpdy/Build/Products/Release-iphonesimulator/include -Xcc -I/Users/bilalshihab/Library/Developer/Xcode/DerivedData/curby-eezqjhizyeedingcpgpfxuniqpdy/Build/Intermediates.noindex/curby.build/Release-iphonesimulator/curby.build/DerivedSources-normal/arm64 -Xcc -I/Users/bilalshihab/Library/Developer/Xcode/DerivedData/curby-eezqjhizyeedingcpgpfxuniqpdy/Build/Intermediates.noindex/curby.build/Release-iphonesimulator/curby.build/DerivedSources/arm64 -Xcc -I/Users/bilalshihab/Library/Developer/Xcode/DerivedData/curby-eezqjhizyeedingcpgpfxuniqpdy/Build/Intermediates.noindex/curby.build/Release-iphonesimulator/curby.build/DerivedSources -emit-objc-header -emit-objc-header-path /Users/bilalshihab/Library/Developer/Xcode/DerivedData/curby-eezqjhizyeedingcpgpfxuniqpdy/Build/Intermediates.noindex/curby.build/Release-iphonesimulator/curby.build/Objects-normal/arm64/curby-Swift.h -working-directory /Users/bilalshihab/dev/curby -no-emit-module-separately-wmo

SwiftDriver curby normal x86_64 com.apple.xcode.tools.swift.compiler (in target 'curby' from project 'curby')
    cd /Users/bilalshihab/dev/curby
    builtin-SwiftDriver -- /Applications/Xcode.app/Contents/Developer/Toolchains/XcodeDefault.xctoolchain/usr/bin/swiftc -module-name curby -O -whole-module-optimization @/Users/bilalshihab/Library/Developer/Xcode/DerivedData/curby-eezqjhizyeedingcpgpfxuniqpdy/Build/Intermediates.noindex/curby.build/Release-iphonesimulator/curby.build/Objects-normal/x86_64/curby.SwiftFileList -default-isolation\=MainActor -enable-bare-slash-regex -enable-upcoming-feature DisableOutwardActorInference -enable-upcoming-feature InferSendableFromCaptures -enable-upcoming-feature GlobalActorIsolatedTypesUsability -enable-upcoming-feature MemberImportVisibility -enable-upcoming-feature InferIsolatedConformances -enable-upcoming-feature NonisolatedNonsendingByDefault -enable-experimental-feature DebugDescriptionMacro -sdk /Applications/Xcode.app/Contents/Developer/Platforms/iPhoneSimulator.platform/Developer/SDKs/iPhoneSimulator26.4.sdk -target x86_64-apple-ios26.2-simulator -g -module-cache-path /Users/bilalshihab/Library/Developer/Xcode/DerivedData/ModuleCache.noindex -Xfrontend -serialize-debugging-options -profile-coverage-mapping -profile-generate -swift-version 5 -I /Users/bilalshihab/Library/Developer/Xcode/DerivedData/curby-eezqjhizyeedingcpgpfxuniqpdy/Build/Products/Release-iphonesimulator -F /Users/bilalshihab/Library/Developer/Xcode/DerivedData/curby-eezqjhizyeedingcpgpfxuniqpdy/Build/Products/Release-iphonesimulator/PackageFrameworks -F /Users/bilalshihab/Library/Developer/Xcode/DerivedData/curby-eezqjhizyeedingcpgpfxuniqpdy/Build/Products/Release-iphonesimulator/PackageFrameworks -F /Users/bilalshihab/Library/Developer/Xcode/DerivedData/curby-eezqjhizyeedingcpgpfxuniqpdy/Build/Products/Release-iphonesimulator/PackageFrameworks -F /Users/bilalshihab/Library/Developer/Xcode/DerivedData/curby-eezqjhizyeedingcpgpfxuniqpdy/Build/Products/Release-iphonesimulator/PackageFrameworks -F /Users/bilalshihab/Library/Developer/Xcode/DerivedData/curby-eezqjhizyeedingcpgpfxuniqpdy/Build/Products/Release-iphonesimulator -emit-localized-strings -emit-localized-strings-path /Users/bilalshihab/Library/Developer/Xcode/DerivedData/curby-eezqjhizyeedingcpgpfxuniqpdy/Build/Intermediates.noindex/curby.build/Release-iphonesimulator/curby.build/Objects-normal/x86_64 -c -num-threads 10 -Xcc -ivfsstatcache -Xcc /Users/bilalshihab/Library/Developer/Xcode/DerivedData/SDKStatCaches.noindex/iphonesimulator26.4-23E252-688ef53f1462e2c8f657fdc38a81448f686eebb5dc1d8ecb277353a59184f4aa.sdkstatcache -output-file-map /Users/bilalshihab/Library/Developer/Xcode/DerivedData/curby-eezqjhizyeedingcpgpfxuniqpdy/Build/Intermediates.noindex/curby.build/Release-iphonesimulator/curby.build/Objects-normal/x86_64/curby-OutputFileMap.json -use-frontend-parseable-output -save-temps -no-color-diagnostics -explicit-module-build -module-cache-path /Users/bilalshihab/Library/Developer/Xcode/DerivedData/curby-eezqjhizyeedingcpgpfxuniqpdy/Build/Intermediates.noindex/SwiftExplicitPrecompiledModules -clang-scanner-module-cache-path /Users/bilalshihab/Library/Developer/Xcode/DerivedData/ModuleCache.noindex -sdk-module-cache-path /Users/bilalshihab/Library/Developer/Xcode/DerivedData/ModuleCache.noindex -serialize-diagnostics -emit-dependencies -emit-module -emit-module-path /Users/bilalshihab/Library/Developer/Xcode/DerivedData/curby-eezqjhizyeedingcpgpfxuniqpdy/Build/Intermediates.noindex/curby.build/Release-iphonesimulator/curby.build/Objects-normal/x86_64/curby.swiftmodule -validate-clang-modules-once -clang-build-session-file /Users/bilalshihab/Library/Developer/Xcode/DerivedData/ModuleCache.noindex/Session.modulevalidation -Xcc -I/Users/bilalshihab/Library/Developer/Xcode/DerivedData/curby-eezqjhizyeedingcpgpfxuniqpdy/Build/Intermediates.noindex/curby.build/Release-iphonesimulator/curby.build/swift-overrides.hmap -emit-const-values -Xfrontend -const-gather-protocols-file -Xfrontend /Users/bilalshihab/Library/Developer/Xcode/DerivedData/curby-eezqjhizyeedingcpgpfxuniqpdy/Build/Intermediates.noindex/curby.build/Release-iphonesimulator/curby.build/Objects-normal/x86_64/curby_const_extract_protocols.json -Xcc -iquote -Xcc /Users/bilalshihab/Library/Developer/Xcode/DerivedData/curby-eezqjhizyeedingcpgpfxuniqpdy/Build/Intermediates.noindex/curby.build/Release-iphonesimulator/curby.build/curby-generated-files.hmap -Xcc -I/Users/bilalshihab/Library/Developer/Xcode/DerivedData/curby-eezqjhizyeedingcpgpfxuniqpdy/Build/Intermediates.noindex/curby.build/Release-iphonesimulator/curby.build/curby-own-target-headers.hmap -Xcc -I/Users/bilalshihab/Library/Developer/Xcode/DerivedData/curby-eezqjhizyeedingcpgpfxuniqpdy/Build/Intermediates.noindex/curby.build/Release-iphonesimulator/curby.build/curby-all-non-framework-target-headers.hmap -Xcc -ivfsoverlay -Xcc /Users/bilalshihab/Library/Developer/Xcode/DerivedData/curby-eezqjhizyeedingcpgpfxuniqpdy/Build/Intermediates.noindex/curby.build/Release-iphonesimulator/curby-b176358faf124f04501ca52d24b7e9bb-VFS-iphonesimulator/all-product-headers.yaml -Xcc -iquote -Xcc /Users/bilalshihab/Library/Developer/Xcode/DerivedData/curby-eezqjhizyeedingcpgpfxuniqpdy/Build/Intermediates.noindex/curby.build/Release-iphonesimulator/curby.build/curby-project-headers.hmap -Xcc -I/Users/bilalshihab/Library/Developer/Xcode/DerivedData/curby-eezqjhizyeedingcpgpfxuniqpdy/Build/Products/Release-iphonesimulator/include -Xcc -I/Users/bilalshihab/Library/Developer/Xcode/DerivedData/curby-eezqjhizyeedingcpgpfxuniqpdy/Build/Intermediates.noindex/curby.build/Release-iphonesimulator/curby.build/DerivedSources-normal/x86_64 -Xcc -I/Users/bilalshihab/Library/Developer/Xcode/DerivedData/curby-eezqjhizyeedingcpgpfxuniqpdy/Build/Intermediates.noindex/curby.build/Release-iphonesimulator/curby.build/DerivedSources/x86_64 -Xcc -I/Users/bilalshihab/Library/Developer/Xcode/DerivedData/curby-eezqjhizyeedingcpgpfxuniqpdy/Build/Intermediates.noindex/curby.build/Release-iphonesimulator/curby.build/DerivedSources -emit-objc-header -emit-objc-header-path /Users/bilalshihab/Library/Developer/Xcode/DerivedData/curby-eezqjhizyeedingcpgpfxuniqpdy/Build/Intermediates.noindex/curby.build/Release-iphonesimulator/curby.build/Objects-normal/x86_64/curby-Swift.h -working-directory /Users/bilalshihab/dev/curby -no-emit-module-separately-wmo

SwiftExplicitDependencyGeneratePcm x86_64 /Users/bilalshihab/Library/Developer/Xcode/DerivedData/ModuleCache.noindex/_Builtin_stdbool-685UOTBYRH32H9C09VW2HY8TS.pcm

SwiftExplicitDependencyGeneratePcm x86_64 /Users/bilalshihab/Library/Developer/Xcode/DerivedData/ModuleCache.noindex/_Builtin_stddef-41X7W9O0ROJNPEMXJOO1V1CDZ.pcm

SwiftExplicitDependencyGeneratePcm x86_64 /Users/bilalshihab/Library/Developer/Xcode/DerivedData/ModuleCache.noindex/_SwiftConcurrencyShims-8K0B4PXBWGCDAEG2VKC7DFXMW.pcm

SwiftExplicitDependencyGeneratePcm x86_64 /Users/bilalshihab/Library/Developer/Xcode/DerivedData/ModuleCache.noindex/ptrcheck-9YL85FOOJG41UHDB89C4XVSM2.pcm

SwiftExplicitDependencyGeneratePcm x86_64 /Users/bilalshihab/Library/Developer/Xcode/DerivedData/ModuleCache.noindex/_Builtin_float-CGF4ZXG6M4WGT0TNK40JDK3J5.pcm

SwiftExplicitDependencyGeneratePcm x86_64 /Users/bilalshihab/Library/Developer/Xcode/DerivedData/ModuleCache.noindex/_Builtin_stdarg-3LO5BD2DK6TNLHNDQW5AH7MU.pcm

SwiftExplicitDependencyGeneratePcm x86_64 /Users/bilalshihab/Library/Developer/Xcode/DerivedData/ModuleCache.noindex/_AvailabilityInternal-X0GWBF0DV1UCZKMHBBWC2RV5.pcm

SwiftExplicitDependencyGeneratePcm x86_64 /Users/bilalshihab/Library/Developer/Xcode/DerivedData/ModuleCache.noindex/ptrauth-C7EJH82YTO19FRBYNQQ0I36LQ.pcm

SwiftExplicitDependencyGeneratePcm x86_64 /Users/bilalshihab/Library/Developer/Xcode/DerivedData/ModuleCache.noindex/SwiftShims-CYU3DCAE57OR8YHI679RZYSSA.pcm

SwiftExplicitDependencyGeneratePcm arm64 /Users/bilalshihab/Library/Developer/Xcode/DerivedData/ModuleCache.noindex/_Builtin_stdbool-1E80WWPO2PBBSFLV7S893BBP6.pcm

SwiftExplicitDependencyGeneratePcm arm64 /Users/bilalshihab/Library/Developer/Xcode/DerivedData/ModuleCache.noindex/ptrauth-DM7TWO7DE1PMSJW591S1X1FZM.pcm

SwiftExplicitDependencyGeneratePcm arm64 /Users/bilalshihab/Library/Developer/Xcode/DerivedData/ModuleCache.noindex/_Builtin_stdarg-8NWU4FL5WWU5XJEXNNIA11P5T.pcm

SwiftExplicitDependencyGeneratePcm arm64 /Users/bilalshihab/Library/Developer/Xcode/DerivedData/ModuleCache.noindex/_SwiftConcurrencyShims-63I0D7N821ZY1H27YU7UKZ4YA.pcm

SwiftExplicitDependencyGeneratePcm arm64 /Users/bilalshihab/Library/Developer/Xcode/DerivedData/ModuleCache.noindex/_AvailabilityInternal-3ZMRWZSYJ3MY4TBV3XWGBAVZ9.pcm

SwiftExplicitDependencyGeneratePcm arm64 /Users/bilalshihab/Library/Developer/Xcode/DerivedData/ModuleCache.noindex/_Builtin_float-5W4VMAEXP1N7KTEQKKIWW6X7X.pcm

SwiftExplicitDependencyGeneratePcm arm64 /Users/bilalshihab/Library/Developer/Xcode/DerivedData/ModuleCache.noindex/SwiftShims-3RP0IQ08AD5H2DG9EP3D908ZM.pcm

SwiftExplicitDependencyGeneratePcm arm64 /Users/bilalshihab/Library/Developer/Xcode/DerivedData/ModuleCache.noindex/ptrcheck-DXYRAMBHMV016EPE0CYF0AHLI.pcm

SwiftExplicitDependencyGeneratePcm arm64 /Users/bilalshihab/Library/Developer/Xcode/DerivedData/ModuleCache.noindex/DeveloperToolsSupport-BT3V80NY9RGKAIV47Z8Z7Z4ZC.pcm

SwiftExplicitDependencyGeneratePcm x86_64 /Users/bilalshihab/Library/Developer/Xcode/DerivedData/ModuleCache.noindex/_DarwinFoundation1-2KD2E2L9T25WEOUGKUAZ8ZL1O.pcm

SwiftExplicitDependencyGeneratePcm x86_64 /Users/bilalshihab/Library/Developer/Xcode/DerivedData/ModuleCache.noindex/DeveloperToolsSupport-BF6ETI7PXFUOYXA45QC3SD9JR.pcm

SwiftExplicitDependencyGeneratePcm arm64 /Users/bilalshihab/Library/Developer/Xcode/DerivedData/ModuleCache.noindex/_Builtin_stddef-26FTMWE2FN2IF56USZZPPCJV9.pcm

SwiftExplicitDependencyGeneratePcm arm64 /Users/bilalshihab/Library/Developer/Xcode/DerivedData/ModuleCache.noindex/_DarwinFoundation1-6FX4QW4Q73A8G6O2QNJKKMP0E.pcm

SwiftExplicitDependencyGeneratePcm x86_64 /Users/bilalshihab/Library/Developer/Xcode/DerivedData/ModuleCache.noindex/_DarwinFoundation2-5F3Y17F4K7YMATW4DYSVS8OYT.pcm

SwiftExplicitDependencyGeneratePcm x86_64 /Users/bilalshihab/Library/Developer/Xcode/DerivedData/ModuleCache.noindex/_Builtin_limits-BPRYIN8S67JU5EFE9Q24GXZ47.pcm

SwiftExplicitDependencyGeneratePcm arm64 /Users/bilalshihab/Library/Developer/Xcode/DerivedData/ModuleCache.noindex/_DarwinFoundation2-7XMLD5OJGE8RQFFJGNQFNN4RV.pcm

SwiftExplicitDependencyGeneratePcm arm64 /Users/bilalshihab/Library/Developer/Xcode/DerivedData/ModuleCache.noindex/_Builtin_limits-E3OSDWPD8I3QPKW60ZIIATH9G.pcm

SwiftExplicitDependencyGeneratePcm x86_64 /Users/bilalshihab/Library/Developer/Xcode/DerivedData/ModuleCache.noindex/_Builtin_stdint-4MOXIJG5M99Y1LD5O4ZNF6O0P.pcm

SwiftExplicitDependencyGeneratePcm x86_64 /Users/bilalshihab/Library/Developer/Xcode/DerivedData/ModuleCache.noindex/sys_types-9VKUI0PT5GP9O527NCJBGPHQT.pcm

SwiftExplicitDependencyGeneratePcm x86_64 /Users/bilalshihab/Library/Developer/Xcode/DerivedData/ModuleCache.noindex/_Builtin_tgmath-5L9S01Q29CWWDQW8SYL52OQRC.pcm

SwiftExplicitDependencyGeneratePcm x86_64 /Users/bilalshihab/Library/Developer/Xcode/DerivedData/ModuleCache.noindex/_DarwinFoundation3-9KYRBD3O0GC6GYVDRPPO5TD8B.pcm

SwiftExplicitDependencyGeneratePcm x86_64 /Users/bilalshihab/Library/Developer/Xcode/DerivedData/ModuleCache.noindex/_Builtin_stdatomic-3KRADF7NHWC6MQ4I8MZV7X9XY.pcm

SwiftExplicitDependencyGeneratePcm arm64 /Users/bilalshihab/Library/Developer/Xcode/DerivedData/ModuleCache.noindex/_Builtin_stdint-8S29NNYSF7TMK6YS46YGVUI95.pcm

SwiftExplicitDependencyGeneratePcm arm64 /Users/bilalshihab/Library/Developer/Xcode/DerivedData/ModuleCache.noindex/_Builtin_tgmath-C5OZH39SU2R1K6F7BGVFOQS63.pcm

SwiftExplicitDependencyGeneratePcm arm64 /Users/bilalshihab/Library/Developer/Xcode/DerivedData/ModuleCache.noindex/sys_types-2V49U76KWZ4HKI0AWXDKRGXFX.pcm

SwiftExplicitDependencyGeneratePcm arm64 /Users/bilalshihab/Library/Developer/Xcode/DerivedData/ModuleCache.noindex/_Builtin_stdatomic-Z2J2SSPSYO901RYZFSC8XOIQ.pcm

SwiftExplicitDependencyGeneratePcm arm64 /Users/bilalshihab/Library/Developer/Xcode/DerivedData/ModuleCache.noindex/_Builtin_intrinsics-1ETXEKJRJU6J9IACSNQX2NCW5.pcm

SwiftExplicitDependencyGeneratePcm arm64 /Users/bilalshihab/Library/Developer/Xcode/DerivedData/ModuleCache.noindex/_DarwinFoundation3-11GEMN5R6LQFNSS4VNLHBR6EN.pcm

SwiftExplicitDependencyGeneratePcm x86_64 /Users/bilalshihab/Library/Developer/Xcode/DerivedData/ModuleCache.noindex/_Builtin_intrinsics-DCKNR607SOU7D2VPRBD24128Z.pcm

SwiftExplicitDependencyGeneratePcm x86_64 /Users/bilalshihab/Library/Developer/Xcode/DerivedData/ModuleCache.noindex/_Builtin_inttypes-51XTP3HH1DS261H8S0U40VCEZ.pcm

SwiftExplicitDependencyGeneratePcm x86_64 /Users/bilalshihab/Library/Developer/Xcode/DerivedData/ModuleCache.noindex/Darwin-BV06TM0MEU6K5KOX979KJ9PN3.pcm

SwiftExplicitDependencyGeneratePcm arm64 /Users/bilalshihab/Library/Developer/Xcode/DerivedData/ModuleCache.noindex/_Builtin_inttypes-BM1QNFOM4ZNM1KUD8O9WFBYQ7.pcm

SwiftExplicitDependencyGeneratePcm arm64 /Users/bilalshihab/Library/Developer/Xcode/DerivedData/ModuleCache.noindex/Darwin-2UV6AUT9P27BX7FGJ6204IZB2.pcm

SwiftExplicitDependencyGeneratePcm arm64 /Users/bilalshihab/Library/Developer/Xcode/DerivedData/ModuleCache.noindex/simd-77JCLHM2BAVN1TYI2TRTK6BFL.pcm

SwiftExplicitDependencyGeneratePcm x86_64 /Users/bilalshihab/Library/Developer/Xcode/DerivedData/ModuleCache.noindex/ObjectiveC-28C2T67WI370NA1OCRZ5LTU8U.pcm

SwiftExplicitDependencyGeneratePcm x86_64 /Users/bilalshihab/Library/Developer/Xcode/DerivedData/ModuleCache.noindex/MachO-4AZN9WWPVLJ119XW091JQECSB.pcm

SwiftExplicitDependencyGeneratePcm x86_64 /Users/bilalshihab/Library/Developer/Xcode/DerivedData/ModuleCache.noindex/os_object-457E2GMAS9Y7V3MCAVW7RR3CY.pcm

SwiftExplicitDependencyGeneratePcm arm64 /Users/bilalshihab/Library/Developer/Xcode/DerivedData/ModuleCache.noindex/ObjectiveC-3NPHVWGLTV8A68CVPVYAPX5BC.pcm

SwiftExplicitDependencyGeneratePcm arm64 /Users/bilalshihab/Library/Developer/Xcode/DerivedData/ModuleCache.noindex/MachO-4YUWLYQ6D6WQZOIFU8D6UBAU3.pcm

SwiftExplicitDependencyGeneratePcm x86_64 /Users/bilalshihab/Library/Developer/Xcode/DerivedData/ModuleCache.noindex/simd-DR66XF3K611A2TCCK81BS7RTF.pcm

SwiftExplicitDependencyGeneratePcm x86_64 /Users/bilalshihab/Library/Developer/Xcode/DerivedData/ModuleCache.noindex/os_workgroup-BYBGCM4E9RIGIDT106N8ZJUIF.pcm

SwiftExplicitDependencyGeneratePcm arm64 /Users/bilalshihab/Library/Developer/Xcode/DerivedData/ModuleCache.noindex/os_object-35SN4RDLHIOBEG0TPJ5WD89NI.pcm

SwiftExplicitDependencyGeneratePcm x86_64 /Users/bilalshihab/Library/Developer/Xcode/DerivedData/ModuleCache.noindex/Dispatch-2034Z6A6LK9ETQP8W3I5LPDGA.pcm

SwiftExplicitDependencyGeneratePcm arm64 /Users/bilalshihab/Library/Developer/Xcode/DerivedData/ModuleCache.noindex/os_workgroup-75CB6TBRES3HL2KBD7LX7UQ1A.pcm

SwiftExplicitDependencyGeneratePcm x86_64 /Users/bilalshihab/Library/Developer/Xcode/DerivedData/ModuleCache.noindex/dnssd-B6CGAKU2RRL6CJZT1KBM4JMB2.pcm

SwiftExplicitDependencyGeneratePcm x86_64 /Users/bilalshihab/Library/Developer/Xcode/DerivedData/ModuleCache.noindex/CoreFoundation-10609XVFRA8IXPM3LR4E8F3Z6.pcm

SwiftExplicitDependencyGeneratePcm x86_64 /Users/bilalshihab/Library/Developer/Xcode/DerivedData/ModuleCache.noindex/XPC-ASN441XN9OG645SZVM4QLLPE7.pcm

SwiftExplicitDependencyGeneratePcm arm64 /Users/bilalshihab/Library/Developer/Xcode/DerivedData/ModuleCache.noindex/Dispatch-DMBUCQTZIOOJS8RN65DWB44K5.pcm

SwiftExplicitDependencyGeneratePcm x86_64 /Users/bilalshihab/Library/Developer/Xcode/DerivedData/ModuleCache.noindex/os-EUK7MTYCYPZULM83HZ87HP0TO.pcm

SwiftExplicitDependencyGeneratePcm arm64 /Users/bilalshihab/Library/Developer/Xcode/DerivedData/ModuleCache.noindex/dnssd-DNHA2KANVWFULVX3AVN1DBXWV.pcm

SwiftExplicitDependencyGeneratePcm arm64 /Users/bilalshihab/Library/Developer/Xcode/DerivedData/ModuleCache.noindex/XPC-3GQF7F5JWJY7NNQAI9HQP8VPL.pcm

SwiftExplicitDependencyGeneratePcm arm64 /Users/bilalshihab/Library/Developer/Xcode/DerivedData/ModuleCache.noindex/CoreFoundation-1YHJ7PWFD9QTYFMU2P7IL01EJ.pcm

SwiftExplicitDependencyGeneratePcm x86_64 /Users/bilalshihab/Library/Developer/Xcode/DerivedData/ModuleCache.noindex/Security-AG642I4O6Q3KPSM9FZEHVGMU6.pcm

SwiftExplicitDependencyGeneratePcm x86_64 /Users/bilalshihab/Library/Developer/Xcode/DerivedData/ModuleCache.noindex/CoreAudioTypes-3NIDY69M3J9BSM3TL8DB9WJXY.pcm

SwiftExplicitDependencyGeneratePcm x86_64 /Users/bilalshihab/Library/Developer/Xcode/DerivedData/ModuleCache.noindex/CFNetwork-41STOFS1HPNNXFKLOL94L8ZRD.pcm

SwiftExplicitDependencyGeneratePcm x86_64 /Users/bilalshihab/Library/Developer/Xcode/DerivedData/ModuleCache.noindex/CoreGraphics-EOJUGE6VTKN964Y4T6M6P8IRH.pcm

SwiftExplicitDependencyGeneratePcm arm64 /Users/bilalshihab/Library/Developer/Xcode/DerivedData/ModuleCache.noindex/os-16849GHG84F0S3J949JNHUFT4.pcm

SwiftExplicitDependencyGeneratePcm x86_64 /Users/bilalshihab/Library/Developer/Xcode/DerivedData/ModuleCache.noindex/CoreAudio-D2UMQNJU95F39FXX49DDWF5OQ.pcm

SwiftExplicitDependencyGeneratePcm arm64 /Users/bilalshihab/Library/Developer/Xcode/DerivedData/ModuleCache.noindex/Spatial-A11N6U8HO4GK5UPIBACT0L60W.pcm

SwiftExplicitDependencyGeneratePcm arm64 /Users/bilalshihab/Library/Developer/Xcode/DerivedData/ModuleCache.noindex/Security-CPWBFDKDW19DA6TSNOR84VE0Q.pcm

SwiftExplicitDependencyGeneratePcm arm64 /Users/bilalshihab/Library/Developer/Xcode/DerivedData/ModuleCache.noindex/CFNetwork-87HHLZ178ZMOTI5999RC0CXPY.pcm

SwiftExplicitDependencyGeneratePcm arm64 /Users/bilalshihab/Library/Developer/Xcode/DerivedData/ModuleCache.noindex/CoreAudioTypes-QY93FRQ4EDFZLFIOHJ5YXBW1.pcm

SwiftExplicitDependencyGeneratePcm arm64 /Users/bilalshihab/Library/Developer/Xcode/DerivedData/ModuleCache.noindex/CoreGraphics-BT3RQRNCI4DFPVW5YXDUU31RB.pcm

SwiftExplicitDependencyGeneratePcm x86_64 /Users/bilalshihab/Library/Developer/Xcode/DerivedData/ModuleCache.noindex/ImageIO-4MU1U6PS1SQNH8RENJT99EK5D.pcm

SwiftExplicitDependencyGeneratePcm x86_64 /Users/bilalshihab/Library/Developer/Xcode/DerivedData/ModuleCache.noindex/CoreText-7H23RZ20464H0KNSM8B6EZ35S.pcm

SwiftExplicitDependencyGeneratePcm x86_64 /Users/bilalshihab/Library/Developer/Xcode/DerivedData/ModuleCache.noindex/Foundation-6WKO6YIV5V7S8AAY701D3LZ4E.pcm

SwiftExplicitDependencyGeneratePcm arm64 /Users/bilalshihab/Library/Developer/Xcode/DerivedData/ModuleCache.noindex/CoreAudio-4VK1E6M81P5708ZQ8C76MZXY4.pcm

SwiftExplicitDependencyGeneratePcm arm64 /Users/bilalshihab/Library/Developer/Xcode/DerivedData/ModuleCache.noindex/Foundation-C4YLH6H7G6FDUUAJVEUGP84XP.pcm

SwiftExplicitDependencyGeneratePcm arm64 /Users/bilalshihab/Library/Developer/Xcode/DerivedData/ModuleCache.noindex/ImageIO-E6ZPXBZ10E2QJ6TPAOOI07Z8K.pcm

SwiftExplicitDependencyGeneratePcm arm64 /Users/bilalshihab/Library/Developer/Xcode/DerivedData/ModuleCache.noindex/CoreText-WEUGRECH15ZBA3OBYGSO834Z.pcm

SwiftExplicitDependencyGeneratePcm x86_64 /Users/bilalshihab/Library/Developer/Xcode/DerivedData/ModuleCache.noindex/Spatial-C62IC3Y5FXJ8LSZ0OTLUNB2H1.pcm

SwiftExplicitDependencyGeneratePcm x86_64 /Users/bilalshihab/Library/Developer/Xcode/DerivedData/ModuleCache.noindex/ModelIO-CWGEX7WRCTUJR0E9RXQTKOCMG.pcm

SwiftExplicitDependencyGeneratePcm x86_64 /Users/bilalshihab/Library/Developer/Xcode/DerivedData/ModuleCache.noindex/UniformTypeIdentifiers-7LEK6SIP6HAYX80LZ7YS2BDVJ.pcm

SwiftExplicitDependencyGeneratePcm x86_64 /Users/bilalshihab/Library/Developer/Xcode/DerivedData/ModuleCache.noindex/FileProvider-AYB30J59QFLIEZE1A5UZKCIQV.pcm

SwiftExplicitDependencyGeneratePcm x86_64 /Users/bilalshihab/Library/Developer/Xcode/DerivedData/ModuleCache.noindex/UIUtilities-4CSJJRHSCLOZRN8VYH3STQ106.pcm

SwiftExplicitDependencyGeneratePcm x86_64 /Users/bilalshihab/Library/Developer/Xcode/DerivedData/ModuleCache.noindex/CoreData-BMWJTF0RSIBO1784X5KSAKL04.pcm

SwiftExplicitDependencyGeneratePcm x86_64 /Users/bilalshihab/Library/Developer/Xcode/DerivedData/ModuleCache.noindex/Network-43A11LRSP5C41ARFCHTSMBY9T.pcm

SwiftExplicitDependencyGeneratePcm x86_64 /Users/bilalshihab/Library/Developer/Xcode/DerivedData/ModuleCache.noindex/Symbols-F4BE51H6F21FJSWYR6P7TBXLZ.pcm

SwiftExplicitDependencyGeneratePcm x86_64 /Users/bilalshihab/Library/Developer/Xcode/DerivedData/ModuleCache.noindex/Accessibility-9D4ZKNIPI920Q1UN5T4849GPH.pcm

SwiftExplicitDependencyGeneratePcm x86_64 /Users/bilalshihab/Library/Developer/Xcode/DerivedData/ModuleCache.noindex/CoreTransferable-BPP4ERGUNE921PZWP35CWBWMT.pcm

SwiftExplicitDependencyGeneratePcm x86_64 /Users/bilalshihab/Library/Developer/Xcode/DerivedData/ModuleCache.noindex/DataDetection-9Z4LC248A9BBVCYOXILZ2OIN.pcm

SwiftExplicitDependencyGeneratePcm x86_64 /Users/bilalshihab/Library/Developer/Xcode/DerivedData/ModuleCache.noindex/OSLog-8JMO3PF9EQWDPE2IG0FA2PH0D.pcm

SwiftExplicitDependencyGeneratePcm x86_64 /Users/bilalshihab/Library/Developer/Xcode/DerivedData/ModuleCache.noindex/UserNotifications-5TBM61SM071URNQ2JZ6LMJKT2.pcm

SwiftExplicitDependencyGeneratePcm x86_64 /Users/bilalshihab/Library/Developer/Xcode/DerivedData/ModuleCache.noindex/OpenGLES-DQUSGCPOX3V3GPI8SLMR5E8BV.pcm

SwiftExplicitDependencyGeneratePcm arm64 /Users/bilalshihab/Library/Developer/Xcode/DerivedData/ModuleCache.noindex/IOSurface-2BIBH2UO1WDL0SXH8RMHE1HF4.pcm

SwiftExplicitDependencyGeneratePcm arm64 /Users/bilalshihab/Library/Developer/Xcode/DerivedData/curby-eezqjhizyeedingcpgpfxuniqpdy/Build/Intermediates.noindex/SwiftExplicitPrecompiledModules/Turf-41RIYXF7EP31KJP5THO0CQDN6.pcm

SwiftExplicitDependencyGeneratePcm arm64 /Users/bilalshihab/Library/Developer/Xcode/DerivedData/ModuleCache.noindex/UIUtilities-2GG8HZ44OO1DZ9L2JTGG78P77.pcm

SwiftExplicitDependencyGeneratePcm arm64 /Users/bilalshihab/Library/Developer/Xcode/DerivedData/ModuleCache.noindex/Accessibility-9L76S9VUCWDZT5RY362UR8RS.pcm

SwiftExplicitDependencyGeneratePcm arm64 /Users/bilalshihab/Library/Developer/Xcode/DerivedData/ModuleCache.noindex/UserNotifications-3HZD04WCI0BIEUYLH14R2E0A4.pcm

SwiftExplicitDependencyGeneratePcm arm64 /Users/bilalshihab/Library/Developer/Xcode/DerivedData/ModuleCache.noindex/ModelIO-LR3P8Y5GV5UU7LAXMLIMM3DZ.pcm

SwiftExplicitDependencyGeneratePcm arm64 /Users/bilalshihab/Library/Developer/Xcode/DerivedData/ModuleCache.noindex/CoreTransferable-7084JGS1YAQ95QWJAYZC4YBCR.pcm

SwiftExplicitDependencyGeneratePcm arm64 /Users/bilalshihab/Library/Developer/Xcode/DerivedData/ModuleCache.noindex/Symbols-C5RTYSK15KFS8D0X5VDSAGNL5.pcm

SwiftExplicitDependencyGeneratePcm arm64 /Users/bilalshihab/Library/Developer/Xcode/DerivedData/ModuleCache.noindex/FileProvider-BXMYV51WVT8WAEZ752F6W1Y0V.pcm

SwiftExplicitDependencyGeneratePcm arm64 /Users/bilalshihab/Library/Developer/Xcode/DerivedData/ModuleCache.noindex/Network-7890YRYLT55T8FEK4MU6C6A4H.pcm

SwiftExplicitDependencyGeneratePcm arm64 /Users/bilalshihab/Library/Developer/Xcode/DerivedData/ModuleCache.noindex/Metal-DCRDHEES0FN7026AZ65Y9332N.pcm

SwiftExplicitDependencyGeneratePcm arm64 /Users/bilalshihab/Library/Developer/Xcode/DerivedData/ModuleCache.noindex/UniformTypeIdentifiers-4IM9TXOZ9Q1DY8LRG6QLBV9DV.pcm

SwiftExplicitDependencyGeneratePcm arm64 /Users/bilalshihab/Library/Developer/Xcode/DerivedData/ModuleCache.noindex/CoreData-4VUKLRQC6JLNE6LV25KRG56C3.pcm

SwiftExplicitDependencyGeneratePcm arm64 /Users/bilalshihab/Library/Developer/Xcode/DerivedData/ModuleCache.noindex/_LocationEssentials-63H14CN6JA7PA6NH3CHMWDQ9P.pcm

SwiftExplicitDependencyGeneratePcm arm64 /Users/bilalshihab/Library/Developer/Xcode/DerivedData/ModuleCache.noindex/DataDetection-4Y2NDAWOLSH58D5I893O06H7V.pcm

SwiftExplicitDependencyGeneratePcm x86_64 /Users/bilalshihab/Library/Developer/Xcode/DerivedData/ModuleCache.noindex/IOSurface-2LFVXDJ6PZIM50STFGDQ8KKHW.pcm

SwiftExplicitDependencyGeneratePcm arm64 /Users/bilalshihab/Library/Developer/Xcode/DerivedData/ModuleCache.noindex/OpenGLES-9LRFN93Z28IIL2X4EARJW40IZ.pcm

SwiftExplicitDependencyGeneratePcm arm64 /Users/bilalshihab/Library/Developer/Xcode/DerivedData/ModuleCache.noindex/OSLog-BZK15JCD245K6X4VL52BUTWWL.pcm

SwiftExplicitDependencyGeneratePcm x86_64 /Users/bilalshihab/Library/Developer/Xcode/DerivedData/curby-eezqjhizyeedingcpgpfxuniqpdy/Build/Intermediates.noindex/SwiftExplicitPrecompiledModules/Turf-96FPQHZYPWUTXZYPQH80E4D4G.pcm

SwiftExplicitDependencyGeneratePcm x86_64 /Users/bilalshihab/Library/Developer/Xcode/DerivedData/ModuleCache.noindex/_LocationEssentials-DQ9DFA335KDI4Y6GUDNUPM9TI.pcm

SwiftExplicitDependencyGeneratePcm arm64 /Users/bilalshihab/Library/Developer/Xcode/DerivedData/ModuleCache.noindex/CoreLocation-DBZLU1SCI5R40986YD021PYNN.pcm

SwiftExplicitDependencyGeneratePcm x86_64 /Users/bilalshihab/Library/Developer/Xcode/DerivedData/ModuleCache.noindex/Metal-1NF17S6EZVDC7FFEQEUZXAGCY.pcm

SwiftExplicitDependencyGeneratePcm x86_64 /Users/bilalshihab/Library/Developer/Xcode/DerivedData/ModuleCache.noindex/CoreLocation-626YEKSU5BP8HK08LVLZP9B3B.pcm

SwiftExplicitDependencyGeneratePcm arm64 /Users/bilalshihab/Library/Developer/Xcode/DerivedData/curby-eezqjhizyeedingcpgpfxuniqpdy/Build/Intermediates.noindex/SwiftExplicitPrecompiledModules/MapboxCoreMaps-9PSONBZ24T0K0OHDSVBP2AEP9.pcm

SwiftExplicitDependencyGeneratePcm arm64 /Users/bilalshihab/Library/Developer/Xcode/DerivedData/curby-eezqjhizyeedingcpgpfxuniqpdy/Build/Intermediates.noindex/SwiftExplicitPrecompiledModules/MapboxCommon-3X37R3JUDTV285T0VO96SM2XB.pcm

SwiftExplicitDependencyCompileModuleFromInterface arm64 /Users/bilalshihab/Library/Developer/Xcode/DerivedData/curby-eezqjhizyeedingcpgpfxuniqpdy/Build/Intermediates.noindex/SwiftExplicitPrecompiledModules/Turf-27OUJA2OGDF4L.swiftmodule

SwiftExplicitDependencyGeneratePcm arm64 /Users/bilalshihab/Library/Developer/Xcode/DerivedData/ModuleCache.noindex/CoreVideo-5CVAVU0ZTYCS5719MQ6NMQTO0.pcm

SwiftExplicitDependencyCompileModuleFromInterface x86_64 /Users/bilalshihab/Library/Developer/Xcode/DerivedData/curby-eezqjhizyeedingcpgpfxuniqpdy/Build/Intermediates.noindex/SwiftExplicitPrecompiledModules/Turf-3R50HSCSDKB1N.swiftmodule

SwiftExplicitDependencyGeneratePcm x86_64 /Users/bilalshihab/Library/Developer/Xcode/DerivedData/curby-eezqjhizyeedingcpgpfxuniqpdy/Build/Intermediates.noindex/SwiftExplicitPrecompiledModules/MapboxCommon-319FOH1IPE6WP328FI991FNRN.pcm

SwiftExplicitDependencyGeneratePcm x86_64 /Users/bilalshihab/Library/Developer/Xcode/DerivedData/curby-eezqjhizyeedingcpgpfxuniqpdy/Build/Intermediates.noindex/SwiftExplicitPrecompiledModules/MapboxCoreMaps-73RMBXHRMQCTMHYTUXZJJHWNI.pcm

SwiftExplicitDependencyGeneratePcm arm64 /Users/bilalshihab/Library/Developer/Xcode/DerivedData/ModuleCache.noindex/CoreImage-CCBZMQ2CDM6VTVAGC05KF4H0F.pcm

SwiftExplicitDependencyGeneratePcm arm64 /Users/bilalshihab/Library/Developer/Xcode/DerivedData/ModuleCache.noindex/QuartzCore-8RPQ9NN52QJ82BE6DGNXSD91H.pcm

SwiftExplicitDependencyGeneratePcm arm64 /Users/bilalshihab/Library/Developer/Xcode/DerivedData/ModuleCache.noindex/CoreMedia-1B5O4FBU45ZV1MLGAGMDH9GC6.pcm

SwiftExplicitDependencyGeneratePcm x86_64 /Users/bilalshihab/Library/Developer/Xcode/DerivedData/ModuleCache.noindex/CoreVideo-515W05NSQZXU435TFYRNE3TJX.pcm

SwiftExplicitDependencyGeneratePcm arm64 /Users/bilalshihab/Library/Developer/Xcode/DerivedData/ModuleCache.noindex/SwiftUICore-DUIJ48TNIHB1FFJZ1P99AQNGS.pcm

SwiftExplicitDependencyGeneratePcm arm64 /Users/bilalshihab/Library/Developer/Xcode/DerivedData/ModuleCache.noindex/UIKit-4GOF5E9TEK3N7TTBSU7WYVEQI.pcm

SwiftExplicitDependencyGeneratePcm x86_64 /Users/bilalshihab/Library/Developer/Xcode/DerivedData/ModuleCache.noindex/CoreMedia-EINSLTQR2XS4JMSRG59XSTOHS.pcm

SwiftExplicitDependencyGeneratePcm x86_64 /Users/bilalshihab/Library/Developer/Xcode/DerivedData/ModuleCache.noindex/CoreImage-DZWGK07MR3PDH4RW4PDSMVZLR.pcm

SwiftExplicitDependencyGeneratePcm x86_64 /Users/bilalshihab/Library/Developer/Xcode/DerivedData/ModuleCache.noindex/QuartzCore-39FM84FC2LOYJJIA4MYIRXVNU.pcm

SwiftExplicitDependencyGeneratePcm x86_64 /Users/bilalshihab/Library/Developer/Xcode/DerivedData/ModuleCache.noindex/SwiftUICore-5ZT187WMTZHSQ0V3CYGUFR4AM.pcm

SwiftExplicitDependencyGeneratePcm x86_64 /Users/bilalshihab/Library/Developer/Xcode/DerivedData/ModuleCache.noindex/UIKit-41DAXUU7OKE9Q7NJ9XNFY44R8.pcm

SwiftExplicitDependencyGeneratePcm arm64 /Users/bilalshihab/Library/Developer/Xcode/DerivedData/ModuleCache.noindex/WebKit-3UHCVJ1XIANG5TFD247C5GAHQ.pcm

SwiftExplicitDependencyGeneratePcm arm64 /Users/bilalshihab/Library/Developer/Xcode/DerivedData/ModuleCache.noindex/MapKit-2X3DJC53G9QAD7PX5F679GTI3.pcm

SwiftExplicitDependencyGeneratePcm arm64 /Users/bilalshihab/Library/Developer/Xcode/DerivedData/ModuleCache.noindex/MetalKit-A3M74ZCZ19K63PYV8HFFN1YUB.pcm

SwiftExplicitDependencyGeneratePcm arm64 /Users/bilalshihab/Library/Developer/Xcode/DerivedData/ModuleCache.noindex/SwiftUI-DG9ZNONUP12KJQKKFGROFB8X1.pcm

SwiftExplicitDependencyCompileModuleFromInterface arm64 /Users/bilalshihab/Library/Developer/Xcode/DerivedData/curby-eezqjhizyeedingcpgpfxuniqpdy/Build/Intermediates.noindex/SwiftExplicitPrecompiledModules/MapboxCommon-3LK4PBVJ67LU5.swiftmodule

SwiftExplicitDependencyGeneratePcm x86_64 /Users/bilalshihab/Library/Developer/Xcode/DerivedData/ModuleCache.noindex/MapKit-BI2XOYBD9JM9RWV8NQ7HNK316.pcm

SwiftExplicitDependencyCompileModuleFromInterface x86_64 /Users/bilalshihab/Library/Developer/Xcode/DerivedData/curby-eezqjhizyeedingcpgpfxuniqpdy/Build/Intermediates.noindex/SwiftExplicitPrecompiledModules/MapboxCommon-WV66MMKOWV8P.swiftmodule

SwiftExplicitDependencyGeneratePcm x86_64 /Users/bilalshihab/Library/Developer/Xcode/DerivedData/ModuleCache.noindex/MetalKit-26MTAWPYRN641UWBOU48U7RIV.pcm

SwiftExplicitDependencyGeneratePcm x86_64 /Users/bilalshihab/Library/Developer/Xcode/DerivedData/ModuleCache.noindex/SwiftUI-36W2H7IL69U027AH3RHESM474.pcm

SwiftExplicitDependencyGeneratePcm x86_64 /Users/bilalshihab/Library/Developer/Xcode/DerivedData/ModuleCache.noindex/WebKit-C1Z9U0OGZXUNLZEBDXB4YGYL5.pcm

SwiftExplicitDependencyGeneratePcm arm64 /Users/bilalshihab/Library/Developer/Xcode/DerivedData/ModuleCache.noindex/CarPlay-98VIZL4Y5ED8EER9Q6ZBZ4DZ1.pcm

SwiftExplicitDependencyCompileModuleFromInterface arm64 /Users/bilalshihab/Library/Developer/Xcode/DerivedData/curby-eezqjhizyeedingcpgpfxuniqpdy/Build/Intermediates.noindex/SwiftExplicitPrecompiledModules/MapboxCoreMaps-14TJ5FAQAQFZ2.swiftmodule

SwiftExplicitDependencyGeneratePcm x86_64 /Users/bilalshihab/Library/Developer/Xcode/DerivedData/ModuleCache.noindex/CarPlay-C33VTNFVCWWJGQC1HKYWEM0WH.pcm

SwiftExplicitDependencyCompileModuleFromInterface x86_64 /Users/bilalshihab/Library/Developer/Xcode/DerivedData/curby-eezqjhizyeedingcpgpfxuniqpdy/Build/Intermediates.noindex/SwiftExplicitPrecompiledModules/MapboxCoreMaps-3JK4QXETY2AJ3.swiftmodule

SwiftCompile normal arm64 Compiling\ CameraController.swift,\ CameraState.swift,\ Constants.swift,\ CurbyAPIClient.swift,\ CurbyAPIModels.swift,\ CurbyUserIdentity.swift,\ ParkingWebSocketManager.swift,\ RemoteConfigService.swift,\ HeatZone.swift,\ HeatZoneDetailView.swift,\ HeatZoneGeometry.swift,\ HeatZoneManager.swift,\ HeatZoneOverlay.swift,\ ParkingRoadAlignment.swift,\ ParkingStructureAlignment.swift,\ ParkingZoneMapStyleContent.swift,\ LocationService.swift,\ ParkingEventDetector.swift,\ TelemetryUploader.swift,\ CurbyLiveParkingMapStyleContent.swift,\ CurbyMapView.swift,\ DeveloperDebugMapStyleContent.swift,\ DroppedPinAnnotation.swift,\ ExpandedMapView.swift,\ MotionStateManager.swift,\ OnboardingState.swift,\ OnboardingView.swift,\ SettingsView.swift,\ LiveParkingArea.swift,\ ParkingAreaDetailView.swift,\ ParkingAreaManager.swift,\ PopularLocation.swift,\ SearchState.swift,\ SearchView.swift,\ RecenterButton.swift,\ BottomSheetComponents.swift,\ CurbyGlass.swift,\ CurbyHaptics.swift,\ MapOverlayView.swift,\ ContentView.swift,\ curbyApp.swift,\ MainNavigationView.swift,\ GeneratedAssetSymbols.swift /Users/bilalshihab/dev/curby/curby/Camera/CameraController.swift /Users/bilalshihab/dev/curby/curby/Camera/CameraState.swift /Users/bilalshihab/dev/curby/curby/Core/Constants.swift /Users/bilalshihab/dev/curby/curby/Core/CurbyAPIClient.swift /Users/bilalshihab/dev/curby/curby/Core/CurbyAPIModels.swift /Users/bilalshihab/dev/curby/curby/Core/CurbyUserIdentity.swift /Users/bilalshihab/dev/curby/curby/Core/ParkingWebSocketManager.swift /Users/bilalshihab/dev/curby/curby/Core/RemoteConfigService.swift /Users/bilalshihab/dev/curby/curby/HeatZone/HeatZone.swift /Users/bilalshihab/dev/curby/curby/HeatZone/HeatZoneDetailView.swift /Users/bilalshihab/dev/curby/curby/HeatZone/HeatZoneGeometry.swift /Users/bilalshihab/dev/curby/curby/HeatZone/HeatZoneManager.swift /Users/bilalshihab/dev/curby/curby/HeatZone/HeatZoneOverlay.swift /Users/bilalshihab/dev/curby/curby/HeatZone/ParkingRoadAlignment.swift /Users/bilalshihab/dev/curby/curby/HeatZone/ParkingStructureAlignment.swift /Users/bilalshihab/dev/curby/curby/HeatZone/ParkingZoneMapStyleContent.swift /Users/bilalshihab/dev/curby/curby/Location/LocationService.swift /Users/bilalshihab/dev/curby/curby/Location/ParkingEventDetector.swift /Users/bilalshihab/dev/curby/curby/Location/TelemetryUploader.swift /Users/bilalshihab/dev/curby/curby/Map/CurbyLiveParkingMapStyleContent.swift /Users/bilalshihab/dev/curby/curby/Map/CurbyMapView.swift /Users/bilalshihab/dev/curby/curby/Map/DeveloperDebugMapStyleContent.swift /Users/bilalshihab/dev/curby/curby/Map/DroppedPinAnnotation.swift /Users/bilalshihab/dev/curby/curby/Map/ExpandedMapView.swift /Users/bilalshihab/dev/curby/curby/Motion/MotionStateManager.swift /Users/bilalshihab/dev/curby/curby/Onboarding/OnboardingState.swift /Users/bilalshihab/dev/curby/curby/Onboarding/OnboardingView.swift /Users/bilalshihab/dev/curby/curby/Onboarding/SettingsView.swift /Users/bilalshihab/dev/curby/curby/Parking/LiveParkingArea.swift /Users/bilalshihab/dev/curby/curby/Parking/ParkingAreaDetailView.swift /Users/bilalshihab/dev/curby/curby/Parking/ParkingAreaManager.swift /Users/bilalshihab/dev/curby/curby/Search/PopularLocation.swift /Users/bilalshihab/dev/curby/curby/Search/SearchState.swift /Users/bilalshihab/dev/curby/curby/Search/SearchView.swift /Users/bilalshihab/dev/curby/curby/UI/Components/RecenterButton.swift /Users/bilalshihab/dev/curby/curby/UI/BottomSheetComponents.swift /Users/bilalshihab/dev/curby/curby/UI/CurbyGlass.swift /Users/bilalshihab/dev/curby/curby/UI/CurbyHaptics.swift /Users/bilalshihab/dev/curby/curby/UI/MapOverlayView.swift /Users/bilalshihab/dev/curby/curby/ContentView.swift /Users/bilalshihab/dev/curby/curby/curbyApp.swift /Users/bilalshihab/dev/curby/curby/MainNavigationView.swift /Users/bilalshihab/Library/Developer/Xcode/DerivedData/curby-eezqjhizyeedingcpgpfxuniqpdy/Build/Intermediates.noindex/curby.build/Release-iphonesimulator/curby.build/DerivedSources/GeneratedAssetSymbols.swift /Applications/Xcode.app/Contents/Developer/Toolchains/XcodeDefault.xctoolchain/usr/lib/swift/iphonesimulator/prebuilt-modules/26.4/System.swiftmodule/arm64-apple-ios-simulator.swiftmodule /Applications/Xcode.app/Contents/Developer/Toolchains/XcodeDefault.xctoolchain/usr/lib/swift/iphonesimulator/prebuilt-modules/26.4/GeoToolbox.swiftmodule/arm64-apple-ios-simulator.swiftmodule /Applications/Xcode.app/Contents/Developer/Toolchains/XcodeDefault.xctoolchain/usr/lib/swift/iphonesimulator/prebuilt-modules/26.4/Accessibility.swiftmodule/arm64-apple-ios-simulator.swiftmodule /Applications/Xcode.app/Contents/Developer/Toolchains/XcodeDefault.xctoolchain/usr/lib/swift/iphonesimulator/prebuilt-modules/26.4/Spatial.swiftmodule/arm64-apple-ios-simulator.swiftmodule /Applications/Xcode.app/Contents/Developer/Toolchains/XcodeDefault.xctoolchain/usr/lib/swift/iphonesimulator/prebuilt-modules/26.4/CoreLocation.swiftmodule/arm64-apple-ios-simulator.swiftmodule /Applications/Xcode.app/Contents/Developer/Toolchains/XcodeDefault.xctoolchain/usr/lib/swift/iphonesimulator/prebuilt-modules/26.4/DataDetection.swiftmodule/arm64-apple-ios-simulator.swiftmodule /Applications/Xcode.app/Contents/Developer/Toolchains/XcodeDefault.xctoolchain/usr/lib/swift/iphonesimulator/prebuilt-modules/26.4/_DarwinFoundation1.swiftmodule/arm64-apple-ios-simulator.swiftmodule /Users/bilalshihab/Library/Developer/Xcode/DerivedData/curby-eezqjhizyeedingcpgpfxuniqpdy/Build/Products/Release-iphonesimulator/PhosphorSwift.swiftmodule/arm64-apple-ios-simulator.swiftmodule /Applications/Xcode.app/Contents/Developer/Toolchains/XcodeDefault.xctoolchain/usr/lib/swift/iphonesimulator/prebuilt-modules/26.4/os.swiftmodule/arm64-apple-ios-simulator.swiftmodule /Applications/Xcode.app/Contents/Developer/Toolchains/XcodeDefault.xctoolchain/usr/lib/swift/iphonesimulator/prebuilt-modules/26.4/CarPlay.swiftmodule/arm64-apple-ios-simulator.swiftmodule /Users/bilalshihab/Library/Developer/Xcode/DerivedData/curby-eezqjhizyeedingcpgpfxuniqpdy/Build/Intermediates.noindex/SwiftExplicitPrecompiledModules/Turf-27OUJA2OGDF4L.swiftmodule /Applications/Xcode.app/Contents/Developer/Toolchains/XcodeDefault.xctoolchain/usr/lib/swift/iphonesimulator/prebuilt-modules/26.4/Swift.swiftmodule/arm64-apple-ios-simulator.swiftmodule /Applications/Xcode.app/Contents/Developer/Toolchains/XcodeDefault.xctoolchain/usr/lib/swift/iphonesimulator/prebuilt-modules/26.4/Foundation.swiftmodule/arm64-apple-ios-simulator.swiftmodule /Applications/Xcode.app/Contents/Developer/Toolchains/XcodeDefault.xctoolchain/usr/lib/swift/iphonesimulator/prebuilt-modules/26.4/_StringProcessing.swiftmodule/arm64-apple-ios-simulator.swiftmodule /Applications/Xcode.app/Contents/Developer/Toolchains/XcodeDefault.xctoolchain/usr/lib/swift/iphonesimulator/prebuilt-modules/26.4/Distributed.swiftmodule/arm64-apple-ios-simulator.swiftmodule /Applications/Xcode.app/Contents/Developer/Toolchains/XcodeDefault.xctoolchain/usr/lib/swift/iphonesimulator/prebuilt-modules/26.4/DeveloperToolsSupport.swiftmodule/arm64-apple-ios-simulator.swiftmodule /Applications/Xcode.app/Contents/Developer/Toolchains/XcodeDefault.xctoolchain/usr/lib/swift/iphonesimulator/prebuilt-modules/26.4/Symbols.swiftmodule/arm64-apple-ios-simulator.swiftmodule /Applications/Xcode.app/Contents/Developer/Toolchains/XcodeDefault.xctoolchain/usr/lib/swift/iphonesimulator/prebuilt-modules/26.4/_DarwinFoundation2.swiftmodule/arm64-apple-ios-simulator.swiftmodule /Applications/Xcode.app/Contents/Developer/Toolchains/XcodeDefault.xctoolchain/usr/lib/swift/iphonesimulator/prebuilt-modules/26.4/_Concurrency.swiftmodule/arm64-apple-ios-simulator.swiftmodule /Applications/Xcode.app/Contents/Developer/Toolchains/XcodeDefault.xctoolchain/usr/lib/swift/iphonesimulator/prebuilt-modules/26.4/CoreVideo.swiftmodule/arm64-apple-ios-simulator.swiftmodule /Applications/Xcode.app/Contents/Developer/Toolchains/XcodeDefault.xctoolchain/usr/lib/swift/iphonesimulator/prebuilt-modules/26.4/UIKit.swiftmodule/arm64-apple-ios-simulator.swiftmodule /Users/bilalshihab/Library/Developer/Xcode/DerivedData/curby-eezqjhizyeedingcpgpfxuniqpdy/Build/Products/Release-iphonesimulator/MapboxMaps.swiftmodule/arm64-apple-ios-simulator.swiftmodule /Applications/Xcode.app/Contents/Developer/Toolchains/XcodeDefault.xctoolchain/usr/lib/swift/iphonesimulator/prebuilt-modules/26.4/ModelIO.swiftmodule/arm64-apple-ios-simulator.swiftmodule /Applications/Xcode.app/Contents/Developer/Toolchains/XcodeDefault.xctoolchain/usr/lib/swift/iphonesimulator/prebuilt-modules/26.4/simd.swiftmodule/arm64-apple-ios-simulator.swiftmodule /Applications/Xcode.app/Contents/Developer/Toolchains/XcodeDefault.xctoolchain/usr/lib/swift/iphonesimulator/prebuilt-modules/26.4/OSLog.swiftmodule/arm64-apple-ios-simulator.swiftmodule /Applications/Xcode.app/Contents/Developer/Toolchains/XcodeDefault.xctoolchain/usr/lib/swift/iphonesimulator/prebuilt-modules/26.4/SwiftUICore.swiftmodule/arm64-apple-ios-simulator.swiftmodule /Applications/Xcode.app/Contents/Developer/Toolchains/XcodeDefault.xctoolchain/usr/lib/swift/iphonesimulator/prebuilt-modules/26.4/CoreImage.swiftmodule/arm64-apple-ios-simulator.swiftmodule /Applications/Xcode.app/Contents/Developer/Toolchains/XcodeDefault.xctoolchain/usr/lib/swift/iphonesimulator/prebuilt-modules/26.4/CoreMedia.swiftmodule/arm64-apple-ios-simulator.swiftmodule /Applications/Xcode.app/Contents/Developer/Toolchains/XcodeDefault.xctoolchain/usr/lib/swift/iphonesimulator/prebuilt-modules/26.4/_DarwinFoundation3.swiftmodule/arm64-apple-ios-simulator.swiftmodule /Users/bilalshihab/Library/Developer/Xcode/DerivedData/curby-eezqjhizyeedingcpgpfxuniqpdy/Build/Intermediates.noindex/SwiftExplicitPrecompiledModules/MapboxCommon-3LK4PBVJ67LU5.swiftmodule /Applications/Xcode.app/Contents/Developer/Toolchains/XcodeDefault.xctoolchain/usr/lib/swift/iphonesimulator/prebuilt-modules/26.4/Combine.swiftmodule/arm64-apple-ios-simulator.swiftmodule /Applications/Xcode.app/Contents/Developer/Toolchains/XcodeDefault.xctoolchain/usr/lib/swift/iphonesimulator/prebuilt-modules/26.4/MetalKit.swiftmodule/arm64-apple-ios-simulator.swiftmodule /Applications/Xcode.app/Contents/Developer/Toolchains/XcodeDefault.xctoolchain/usr/lib/swift/iphonesimulator/prebuilt-modules/26.4/CoreAudio.swiftmodule/arm64-apple-ios-simulator.swiftmodule /Applications/Xcode.app/Contents/Developer/Toolchains/XcodeDefault.xctoolchain/usr/lib/swift/iphonesimulator/prebuilt-modules/26.4/CoreData.swiftmodule/arm64-apple-ios-simulator.swiftmodule /Applications/Xcode.app/Contents/Developer/Toolchains/XcodeDefault.xctoolchain/usr/lib/swift/iphonesimulator/prebuilt-modules/26.4/Darwin.swiftmodule/arm64-apple-ios-simulator.swiftmodule /Applications/Xcode.app/Contents/Developer/Toolchains/XcodeDefault.xctoolchain/usr/lib/swift/iphonesimulator/prebuilt-modules/26.4/SwiftUI.swiftmodule/arm64-apple-ios-simulator.swiftmodule /Applications/Xcode.app/Contents/Developer/Toolchains/XcodeDefault.xctoolchain/usr/lib/swift/iphonesimulator/prebuilt-modules/26.4/CoreFoundation.swiftmodule/arm64-apple-ios-simulator.swiftmodule /Applications/Xcode.app/Contents/Developer/Toolchains/XcodeDefault.xctoolchain/usr/lib/swift/iphonesimulator/prebuilt-modules/26.4/_MapKit_SwiftUI.swiftmodule/arm64-apple-ios-simulator.swiftmodule /Applications/Xcode.app/Contents/Developer/Toolchains/XcodeDefault.xctoolchain/usr/lib/swift/iphonesimulator/prebuilt-modules/26.4/MapKit.swiftmodule/arm64-apple-ios-simulator.swiftmodule /Applications/Xcode.app/Contents/Developer/Toolchains/XcodeDefault.xctoolchain/usr/lib/swift/iphonesimulator/prebuilt-modules/26.4/CoreGraphics.swiftmodule/arm64-apple-ios-simulator.swiftmodule /Applications/Xcode.app/Contents/Developer/Toolchains/XcodeDefault.xctoolchain/usr/lib/swift/iphonesimulator/prebuilt-modules/26.4/WebKit.swiftmodule/arm64-apple-ios-simulator.swiftmodule /Applications/Xcode.app/Contents/Developer/Toolchains/XcodeDefault.xctoolchain/usr/lib/swift/iphonesimulator/prebuilt-modules/26.4/ObjectiveC.swiftmodule/arm64-apple-ios-simulator.swiftmodule /Applications/Xcode.app/Contents/Developer/Toolchains/XcodeDefault.xctoolchain/usr/lib/swift/iphonesimulator/prebuilt-modules/26.4/FileProvider.swiftmodule/arm64-apple-ios-simulator.swiftmodule /Applications/Xcode.app/Contents/Developer/Toolchains/XcodeDefault.xctoolchain/usr/lib/swift/iphonesimulator/prebuilt-modules/26.4/XPC.swiftmodule/arm64-apple-ios-simulator.swiftmodule /Applications/Xcode.app/Contents/Developer/Toolchains/XcodeDefault.xctoolchain/usr/lib/swift/iphonesimulator/prebuilt-modules/26.4/Network.swiftmodule/arm64-apple-ios-simulator.swiftmodule /Applications/Xcode.app/Contents/Developer/Toolchains/XcodeDefault.xctoolchain/usr/lib/swift/iphonesimulator/prebuilt-modules/26.4/Metal.swiftmodule/arm64-apple-ios-simulator.swiftmodule /Applications/Xcode.app/Contents/Developer/Toolchains/XcodeDefault.xctoolchain/usr/lib/swift/iphonesimulator/prebuilt-modules/26.4/CoreText.swiftmodule/arm64-apple-ios-simulator.swiftmodule /Applications/Xcode.app/Contents/Developer/Toolchains/XcodeDefault.xctoolchain/usr/lib/swift/iphonesimulator/prebuilt-modules/26.4/QuartzCore.swiftmodule/arm64-apple-ios-simulator.swiftmodule /Applications/Xcode.app/Contents/Developer/Toolchains/XcodeDefault.xctoolchain/usr/lib/swift/iphonesimulator/prebuilt-modules/26.4/Observation.swiftmodule/arm64-apple-ios-simulator.swiftmodule /Applications/Xcode.app/Contents/Developer/Toolchains/XcodeDefault.xctoolchain/usr/lib/swift/iphonesimulator/prebuilt-modules/26.4/UniformTypeIdentifiers.swiftmodule/arm64-apple-ios-simulator.swiftmodule /Applications/Xcode.app/Contents/Developer/Toolchains/XcodeDefault.xctoolchain/usr/lib/swift/iphonesimulator/prebuilt-modules/26.4/Dispatch.swiftmodule/arm64-apple-ios-simulator.swiftmodule /Users/bilalshihab/Library/Developer/Xcode/DerivedData/curby-eezqjhizyeedingcpgpfxuniqpdy/Build/Intermediates.noindex/SwiftExplicitPrecompiledModules/MapboxCoreMaps-14TJ5FAQAQFZ2.swiftmodule /Applications/Xcode.app/Contents/Developer/Toolchains/XcodeDefault.xctoolchain/usr/lib/swift/iphonesimulator/prebuilt-modules/26.4/_Builtin_float.swiftmodule/arm64-apple-ios-simulator.swiftmodule /Applications/Xcode.app/Contents/Developer/Toolchains/XcodeDefault.xctoolchain/usr/lib/swift/iphonesimulator/prebuilt-modules/26.4/CoreTransferable.swiftmodule/arm64-apple-ios-simulator.swiftmodule /Users/bilalshihab/Library/Developer/Xcode/DerivedData/ModuleCache.noindex/CoreMedia-1B5O4FBU45ZV1MLGAGMDH9GC6.pcm /Users/bilalshihab/Library/Developer/Xcode/DerivedData/ModuleCache.noindex/_AvailabilityInternal-3ZMRWZSYJ3MY4TBV3XWGBAVZ9.pcm /Users/bilalshihab/Library/Developer/Xcode/DerivedData/ModuleCache.noindex/_SwiftConcurrencyShims-63I0D7N821ZY1H27YU7UKZ4YA.pcm /Users/bilalshihab/Library/Developer/Xcode/DerivedData/ModuleCache.noindex/Network-7890YRYLT55T8FEK4MU6C6A4H.pcm /Users/bilalshihab/Library/Developer/Xcode/DerivedData/ModuleCache.noindex/os-16849GHG84F0S3J949JNHUFT4.pcm /Users/bilalshihab/Library/Developer/Xcode/DerivedData/ModuleCache.noindex/Metal-DCRDHEES0FN7026AZ65Y9332N.pcm /Users/bilalshihab/Library/Developer/Xcode/DerivedData/ModuleCache.noindex/_Builtin_float-5W4VMAEXP1N7KTEQKKIWW6X7X.pcm /Users/bilalshihab/Library/Developer/Xcode/DerivedData/ModuleCache.noindex/ptrcheck-DXYRAMBHMV016EPE0CYF0AHLI.pcm /Users/bilalshihab/Library/Developer/Xcode/DerivedData/ModuleCache.noindex/CarPlay-98VIZL4Y5ED8EER9Q6ZBZ4DZ1.pcm /Users/bilalshihab/Library/Developer/Xcode/DerivedData/ModuleCache.noindex/ModelIO-LR3P8Y5GV5UU7LAXMLIMM3DZ.pcm /Users/bilalshihab/Library/Developer/Xcode/DerivedData/ModuleCache.noindex/CoreText-WEUGRECH15ZBA3OBYGSO834Z.pcm /Users/bilalshihab/Library/Developer/Xcode/DerivedData/ModuleCache.noindex/FileProvider-BXMYV51WVT8WAEZ752F6W1Y0V.pcm /Users/bilalshihab/Library/Developer/Xcode/DerivedData/ModuleCache.noindex/DataDetection-4Y2NDAWOLSH58D5I893O06H7V.pcm /Users/bilalshihab/Library/Developer/Xcode/DerivedData/ModuleCache.noindex/CoreFoundation-1YHJ7PWFD9QTYFMU2P7IL01EJ.pcm /Users/bilalshihab/Library/Developer/Xcode/DerivedData/ModuleCache.noindex/CoreGraphics-BT3RQRNCI4DFPVW5YXDUU31RB.pcm /Users/bilalshihab/Library/Developer/Xcode/DerivedData/ModuleCache.noindex/WebKit-3UHCVJ1XIANG5TFD247C5GAHQ.pcm /Users/bilalshihab/Library/Developer/Xcode/DerivedData/ModuleCache.noindex/_DarwinFoundation3-11GEMN5R6LQFNSS4VNLHBR6EN.pcm /Users/bilalshihab/Library/Developer/Xcode/DerivedData/curby-eezqjhizyeedingcpgpfxuniqpdy/Build/Intermediates.noindex/SwiftExplicitPrecompiledModules/Turf-41RIYXF7EP31KJP5THO0CQDN6.pcm /Users/bilalshihab/Library/Developer/Xcode/DerivedData/ModuleCache.noindex/UniformTypeIdentifiers-4IM9TXOZ9Q1DY8LRG6QLBV9DV.pcm /Users/bilalshihab/Library/Developer/Xcode/DerivedData/ModuleCache.noindex/ImageIO-E6ZPXBZ10E2QJ6TPAOOI07Z8K.pcm /Users/bilalshihab/Library/Developer/Xcode/DerivedData/ModuleCache.noindex/CFNetwork-87HHLZ178ZMOTI5999RC0CXPY.pcm /Users/bilalshihab/Library/Developer/Xcode/DerivedData/curby-eezqjhizyeedingcpgpfxuniqpdy/Build/Intermediates.noindex/SwiftExplicitPrecompiledModules/MapboxCommon-3X37R3JUDTV285T0VO96SM2XB.pcm /Users/bilalshihab/Library/Developer/Xcode/DerivedData/ModuleCache.noindex/_Builtin_stddef-26FTMWE2FN2IF56USZZPPCJV9.pcm /Users/bilalshihab/Library/Developer/Xcode/DerivedData/ModuleCache.noindex/_LocationEssentials-63H14CN6JA7PA6NH3CHMWDQ9P.pcm /Users/bilalshihab/Library/Developer/Xcode/DerivedData/ModuleCache.noindex/Darwin-2UV6AUT9P27BX7FGJ6204IZB2.pcm /Users/bilalshihab/Library/Developer/Xcode/DerivedData/ModuleCache.noindex/UserNotifications-3HZD04WCI0BIEUYLH14R2E0A4.pcm /Users/bilalshihab/Library/Developer/Xcode/DerivedData/ModuleCache.noindex/CoreImage-CCBZMQ2CDM6VTVAGC05KF4H0F.pcm /Users/bilalshihab/Library/Developer/Xcode/DerivedData/ModuleCache.noindex/SwiftShims-3RP0IQ08AD5H2DG9EP3D908ZM.pcm /Users/bilalshihab/Library/Developer/Xcode/DerivedData/ModuleCache.noindex/Security-CPWBFDKDW19DA6TSNOR84VE0Q.pcm /Users/bilalshihab/Library/Developer/Xcode/DerivedData/ModuleCache.noindex/_Builtin_stdatomic-Z2J2SSPSYO901RYZFSC8XOIQ.pcm /Users/bilalshihab/Library/Developer/Xcode/DerivedData/ModuleCache.noindex/Symbols-C5RTYSK15KFS8D0X5VDSAGNL5.pcm /Users/bilalshihab/Library/Developer/Xcode/DerivedData/ModuleCache.noindex/OSLog-BZK15JCD245K6X4VL52BUTWWL.pcm /Users/bilalshihab/Library/Developer/Xcode/DerivedData/ModuleCache.noindex/sys_types-2V49U76KWZ4HKI0AWXDKRGXFX.pcm /Users/bilalshihab/Library/Developer/Xcode/DerivedData/ModuleCache.noindex/CoreData-4VUKLRQC6JLNE6LV25KRG56C3.pcm /Users/bilalshihab/Library/Developer/Xcode/DerivedData/ModuleCache.noindex/MapKit-2X3DJC53G9QAD7PX5F679GTI3.pcm /Users/bilalshihab/Library/Developer/Xcode/DerivedData/ModuleCache.noindex/CoreVideo-5CVAVU0ZTYCS5719MQ6NMQTO0.pcm /Users/bilalshihab/Library/Developer/Xcode/DerivedData/ModuleCache.noindex/_Builtin_inttypes-BM1QNFOM4ZNM1KUD8O9WFBYQ7.pcm /Users/bilalshihab/Library/Developer/Xcode/DerivedData/ModuleCache.noindex/MetalKit-A3M74ZCZ19K63PYV8HFFN1YUB.pcm /Users/bilalshihab/Library/Developer/Xcode/DerivedData/ModuleCache.noindex/OpenGLES-9LRFN93Z28IIL2X4EARJW40IZ.pcm /Users/bilalshihab/Library/Developer/Xcode/DerivedData/ModuleCache.noindex/UIKit-4GOF5E9TEK3N7TTBSU7WYVEQI.pcm /Users/bilalshihab/Library/Developer/Xcode/DerivedData/ModuleCache.noindex/CoreAudioTypes-QY93FRQ4EDFZLFIOHJ5YXBW1.pcm /Users/bilalshihab/Library/Developer/Xcode/DerivedData/ModuleCache.noindex/UIUtilities-2GG8HZ44OO1DZ9L2JTGG78P77.pcm /Users/bilalshihab/Library/Developer/Xcode/DerivedData/ModuleCache.noindex/SwiftUICore-DUIJ48TNIHB1FFJZ1P99AQNGS.pcm /Users/bilalshihab/Library/Developer/Xcode/DerivedData/ModuleCache.noindex/QuartzCore-8RPQ9NN52QJ82BE6DGNXSD91H.pcm /Users/bilalshihab/Library/Developer/Xcode/DerivedData/ModuleCache.noindex/os_object-35SN4RDLHIOBEG0TPJ5WD89NI.pcm /Users/bilalshihab/Library/Developer/Xcode/DerivedData/ModuleCache.noindex/os_workgroup-75CB6TBRES3HL2KBD7LX7UQ1A.pcm /Users/bilalshihab/Library/Developer/Xcode/DerivedData/ModuleCache.noindex/_Builtin_stdint-8S29NNYSF7TMK6YS46YGVUI95.pcm /Users/bilalshihab/Library/Developer/Xcode/DerivedData/ModuleCache.noindex/simd-77JCLHM2BAVN1TYI2TRTK6BFL.pcm /Users/bilalshihab/Library/Developer/Xcode/DerivedData/ModuleCache.noindex/IOSurface-2BIBH2UO1WDL0SXH8RMHE1HF4.pcm /Users/bilalshihab/Library/Developer/Xcode/DerivedData/ModuleCache.noindex/Spatial-A11N6U8HO4GK5UPIBACT0L60W.pcm /Users/bilalshihab/Library/Developer/Xcode/DerivedData/ModuleCache.noindex/_DarwinFoundation2-7XMLD5OJGE8RQFFJGNQFNN4RV.pcm /Users/bilalshihab/Library/Developer/Xcode/DerivedData/ModuleCache.noindex/CoreLocation-DBZLU1SCI5R40986YD021PYNN.pcm /Users/bilalshihab/Library/Developer/Xcode/DerivedData/ModuleCache.noindex/_Builtin_stdarg-8NWU4FL5WWU5XJEXNNIA11P5T.pcm /Users/bilalshihab/Library/Developer/Xcode/DerivedData/ModuleCache.noindex/ptrauth-DM7TWO7DE1PMSJW591S1X1FZM.pcm /Users/bilalshihab/Library/Developer/Xcode/DerivedData/ModuleCache.noindex/_Builtin_limits-E3OSDWPD8I3QPKW60ZIIATH9G.pcm /Users/bilalshihab/Library/Developer/Xcode/DerivedData/ModuleCache.noindex/_DarwinFoundation1-6FX4QW4Q73A8G6O2QNJKKMP0E.pcm /Users/bilalshihab/Library/Developer/Xcode/DerivedData/curby-eezqjhizyeedingcpgpfxuniqpdy/Build/Intermediates.noindex/SwiftExplicitPrecompiledModules/MapboxCoreMaps-9PSONBZ24T0K0OHDSVBP2AEP9.pcm /Users/bilalshihab/Library/Developer/Xcode/DerivedData/ModuleCache.noindex/DeveloperToolsSupport-BT3V80NY9RGKAIV47Z8Z7Z4ZC.pcm /Users/bilalshihab/Library/Developer/Xcode/DerivedData/ModuleCache.noindex/CoreTransferable-7084JGS1YAQ95QWJAYZC4YBCR.pcm /Users/bilalshihab/Library/Developer/Xcode/DerivedData/ModuleCache.noindex/_Builtin_intrinsics-1ETXEKJRJU6J9IACSNQX2NCW5.pcm /Users/bilalshihab/Library/Developer/Xcode/DerivedData/ModuleCache.noindex/XPC-3GQF7F5JWJY7NNQAI9HQP8VPL.pcm /Users/bilalshihab/Library/Developer/Xcode/DerivedData/ModuleCache.noindex/Foundation-C4YLH6H7G6FDUUAJVEUGP84XP.pcm /Users/bilalshihab/Library/Developer/Xcode/DerivedData/ModuleCache.noindex/Accessibility-9L76S9VUCWDZT5RY362UR8RS.pcm /Users/bilalshihab/Library/Developer/Xcode/DerivedData/ModuleCache.noindex/Dispatch-DMBUCQTZIOOJS8RN65DWB44K5.pcm /Users/bilalshihab/Library/Developer/Xcode/DerivedData/ModuleCache.noindex/MachO-4YUWLYQ6D6WQZOIFU8D6UBAU3.pcm /Users/bilalshihab/Library/Developer/Xcode/DerivedData/ModuleCache.noindex/CoreAudio-4VK1E6M81P5708ZQ8C76MZXY4.pcm /Users/bilalshihab/Library/Developer/Xcode/DerivedData/ModuleCache.noindex/_Builtin_tgmath-C5OZH39SU2R1K6F7BGVFOQS63.pcm /Users/bilalshihab/Library/Developer/Xcode/DerivedData/ModuleCache.noindex/ObjectiveC-3NPHVWGLTV8A68CVPVYAPX5BC.pcm /Users/bilalshihab/Library/Developer/Xcode/DerivedData/ModuleCache.noindex/_Builtin_stdbool-1E80WWPO2PBBSFLV7S893BBP6.pcm /Users/bilalshihab/Library/Developer/Xcode/DerivedData/ModuleCache.noindex/dnssd-DNHA2KANVWFULVX3AVN1DBXWV.pcm /Users/bilalshihab/Library/Developer/Xcode/DerivedData/ModuleCache.noindex/SwiftUI-DG9ZNONUP12KJQKKFGROFB8X1.pcm /Users/bilalshihab/Library/Developer/Xcode/DerivedData/curby-eezqjhizyeedingcpgpfxuniqpdy/Build/Intermediates.noindex/curby.build/Release-iphonesimulator/curby.build/Objects-normal/arm64/curby-dependencies-2.json (in target 'curby' from project 'curby')
Failed frontend command:
/Applications/Xcode.app/Contents/Developer/Toolchains/XcodeDefault.xctoolchain/usr/bin/swift-frontend -frontend -c /Users/bilalshihab/dev/curby/curby/Camera/CameraController.swift /Users/bilalshihab/dev/curby/curby/Camera/CameraState.swift /Users/bilalshihab/dev/curby/curby/Core/Constants.swift /Users/bilalshihab/dev/curby/curby/Core/CurbyAPIClient.swift /Users/bilalshihab/dev/curby/curby/Core/CurbyAPIModels.swift /Users/bilalshihab/dev/curby/curby/Core/CurbyUserIdentity.swift /Users/bilalshihab/dev/curby/curby/Core/ParkingWebSocketManager.swift /Users/bilalshihab/dev/curby/curby/Core/RemoteConfigService.swift /Users/bilalshihab/dev/curby/curby/HeatZone/HeatZone.swift /Users/bilalshihab/dev/curby/curby/HeatZone/HeatZoneDetailView.swift /Users/bilalshihab/dev/curby/curby/HeatZone/HeatZoneGeometry.swift /Users/bilalshihab/dev/curby/curby/HeatZone/HeatZoneManager.swift /Users/bilalshihab/dev/curby/curby/HeatZone/HeatZoneOverlay.swift /Users/bilalshihab/dev/curby/curby/HeatZone/ParkingRoadAlignment.swift /Users/bilalshihab/dev/curby/curby/HeatZone/ParkingStructureAlignment.swift /Users/bilalshihab/dev/curby/curby/HeatZone/ParkingZoneMapStyleContent.swift /Users/bilalshihab/dev/curby/curby/Location/LocationService.swift /Users/bilalshihab/dev/curby/curby/Location/ParkingEventDetector.swift /Users/bilalshihab/dev/curby/curby/Location/TelemetryUploader.swift /Users/bilalshihab/dev/curby/curby/Map/CurbyLiveParkingMapStyleContent.swift /Users/bilalshihab/dev/curby/curby/Map/CurbyMapView.swift /Users/bilalshihab/dev/curby/curby/Map/DeveloperDebugMapStyleContent.swift /Users/bilalshihab/dev/curby/curby/Map/DroppedPinAnnotation.swift /Users/bilalshihab/dev/curby/curby/Map/ExpandedMapView.swift /Users/bilalshihab/dev/curby/curby/Motion/MotionStateManager.swift /Users/bilalshihab/dev/curby/curby/Onboarding/OnboardingState.swift /Users/bilalshihab/dev/curby/curby/Onboarding/OnboardingView.swift /Users/bilalshihab/dev/curby/curby/Onboarding/SettingsView.swift /Users/bilalshihab/dev/curby/curby/Parking/LiveParkingArea.swift /Users/bilalshihab/dev/curby/curby/Parking/ParkingAreaDetailView.swift /Users/bilalshihab/dev/curby/curby/Parking/ParkingAreaManager.swift /Users/bilalshihab/dev/curby/curby/Search/PopularLocation.swift /Users/bilalshihab/dev/curby/curby/Search/SearchState.swift /Users/bilalshihab/dev/curby/curby/Search/SearchView.swift /Users/bilalshihab/dev/curby/curby/UI/Components/RecenterButton.swift /Users/bilalshihab/dev/curby/curby/UI/BottomSheetComponents.swift /Users/bilalshihab/dev/curby/curby/UI/CurbyGlass.swift /Users/bilalshihab/dev/curby/curby/UI/CurbyHaptics.swift /Users/bilalshihab/dev/curby/curby/UI/MapOverlayView.swift /Users/bilalshihab/dev/curby/curby/ContentView.swift /Users/bilalshihab/dev/curby/curby/curbyApp.swift /Users/bilalshihab/dev/curby/curby/MainNavigationView.swift /Users/bilalshihab/Library/Developer/Xcode/DerivedData/curby-eezqjhizyeedingcpgpfxuniqpdy/Build/Intermediates.noindex/curby.build/Release-iphonesimulator/curby.build/DerivedSources/GeneratedAssetSymbols.swift -supplementary-output-file-map /Users/bilalshihab/Library/Developer/Xcode/DerivedData/curby-eezqjhizyeedingcpgpfxuniqpdy/Build/Intermediates.noindex/curby.build/Release-iphonesimulator/curby.build/Objects-normal/arm64/supplementaryOutputs-2 -emit-localized-strings -emit-localized-strings-path /Users/bilalshihab/Library/Developer/Xcode/DerivedData/curby-eezqjhizyeedingcpgpfxuniqpdy/Build/Intermediates.noindex/curby.build/Release-iphonesimulator/curby.build/Objects-normal/arm64 -target arm64-apple-ios26.2-simulator -module-can-import-version DeveloperToolsSupport 23.40.26 23.40.26 -module-can-import-version SwiftUI 7.4.27.1 7.4.27 -module-can-import-version UIKit 9126.4.27.1 9126.4.27 -disable-cross-import-overlay-search -swift-module-cross-import MapKit /Applications/Xcode.app/Contents/Developer/Platforms/iPhoneSimulator.platform/Developer/SDKs/iPhoneSimulator.sdk/System/Library/Frameworks/MapKit.framework/Modules/MapKit.swiftcrossimport/SwiftUI.swiftoverlay -load-resolved-plugin /Applications/Xcode.app/Contents/Developer/Platforms/iPhoneOS.platform/Developer/usr/lib/swift/host/plugins/libFoundationMacros.dylib\#/Applications/Xcode.app/Contents/Developer/Platforms/iPhoneOS.platform/Developer/usr/bin/swift-plugin-server\#FoundationMacros -load-resolved-plugin /Applications/Xcode.app/Contents/Developer/Platforms/iPhoneOS.platform/Developer/usr/lib/swift/host/plugins/libObservationMacros.dylib\#/Applications/Xcode.app/Contents/Developer/Platforms/iPhoneOS.platform/Developer/usr/bin/swift-plugin-server\#ObservationMacros -load-resolved-plugin /Applications/Xcode.app/Contents/Developer/Platforms/iPhoneOS.platform/Developer/usr/lib/swift/host/plugins/libPreviewsMacros.dylib\#/Applications/Xcode.app/Contents/Developer/Platforms/iPhoneOS.platform/Developer/usr/bin/swift-plugin-server\#PreviewsMacros -load-resolved-plugin /Applications/Xcode.app/Contents/Developer/Platforms/iPhoneOS.platform/Developer/usr/lib/swift/host/plugins/libSwiftMacros.dylib\#/Applications/Xcode.app/Contents/Developer/Platforms/iPhoneOS.platform/Developer/usr/bin/swift-plugin-server\#SwiftMacros -load-resolved-plugin /Applications/Xcode.app/Contents/Developer/Platforms/iPhoneOS.platform/Developer/usr/lib/swift/host/plugins/libSwiftUIMacros.dylib\#/Applications/Xcode.app/Contents/Developer/Platforms/iPhoneOS.platform/Developer/usr/bin/swift-plugin-server\#SwiftUIMacros -disable-implicit-swift-modules -Xcc -fno-implicit-modules -Xcc -fno-implicit-module-maps -explicit-swift-module-map-file /Users/bilalshihab/Library/Developer/Xcode/DerivedData/curby-eezqjhizyeedingcpgpfxuniqpdy/Build/Intermediates.noindex/curby.build/Release-iphonesimulator/curby.build/Objects-normal/arm64/curby-dependencies-2.json -debug-module-path /Users/bilalshihab/Library/Developer/Xcode/DerivedData/curby-eezqjhizyeedingcpgpfxuniqpdy/Build/Intermediates.noindex/curby.build/Release-iphonesimulator/curby.build/Objects-normal/arm64/curby.swiftmodule -Xllvm -aarch64-use-tbi -enable-objc-interop -sdk /Applications/Xcode.app/Contents/Developer/Platforms/iPhoneSimulator.platform/Developer/SDKs/iPhoneSimulator26.4.sdk -I /Users/bilalshihab/Library/Developer/Xcode/DerivedData/curby-eezqjhizyeedingcpgpfxuniqpdy/Build/Products/Release-iphonesimulator -F /Users/bilalshihab/Library/Developer/Xcode/DerivedData/curby-eezqjhizyeedingcpgpfxuniqpdy/Build/Products/Release-iphonesimulator/PackageFrameworks -F /Users/bilalshihab/Library/Developer/Xcode/DerivedData/curby-eezqjhizyeedingcpgpfxuniqpdy/Build/Products/Release-iphonesimulator/PackageFrameworks -F /Users/bilalshihab/Library/Developer/Xcode/DerivedData/curby-eezqjhizyeedingcpgpfxuniqpdy/Build/Products/Release-iphonesimulator/PackageFrameworks -F /Users/bilalshihab/Library/Developer/Xcode/DerivedData/curby-eezqjhizyeedingcpgpfxuniqpdy/Build/Products/Release-iphonesimulator/PackageFrameworks -F /Users/bilalshihab/Library/Developer/Xcode/DerivedData/curby-eezqjhizyeedingcpgpfxuniqpdy/Build/Products/Release-iphonesimulator -no-color-diagnostics -Xcc -fno-color-diagnostics -g -debug-info-format\=dwarf -dwarf-version\=5 -module-cache-path /Users/bilalshihab/Library/Developer/Xcode/DerivedData/curby-eezqjhizyeedingcpgpfxuniqpdy/Build/Intermediates.noindex/SwiftExplicitPrecompiledModules -profile-generate -profile-coverage-mapping -swift-version 5 -O -serialize-debugging-options -const-gather-protocols-file /Users/bilalshihab/Library/Developer/Xcode/DerivedData/curby-eezqjhizyeedingcpgpfxuniqpdy/Build/Intermediates.noindex/curby.build/Release-iphonesimulator/curby.build/Objects-normal/arm64/curby_const_extract_protocols.json -enable-upcoming-feature DisableOutwardActorInference -enable-upcoming-feature InferSendableFromCaptures -enable-upcoming-feature GlobalActorIsolatedTypesUsability -enable-upcoming-feature MemberImportVisibility -enable-upcoming-feature InferIsolatedConformances -enable-upcoming-feature NonisolatedNonsendingByDefault -enable-experimental-feature DebugDescriptionMacro -enable-bare-slash-regex -default-isolation\=MainActor -empty-abi-descriptor -validate-clang-modules-once -clang-build-session-file /Users/bilalshihab/Library/Developer/Xcode/DerivedData/ModuleCache.noindex/Session.modulevalidation -Xcc -working-directory -Xcc /Users/bilalshihab/dev/curby -file-compilation-dir /Users/bilalshihab/dev/curby -Xcc -ivfsstatcache -Xcc /Users/bilalshihab/Library/Developer/Xcode/DerivedData/SDKStatCaches.noindex/iphonesimulator26.4-23E252-688ef53f1462e2c8f657fdc38a81448f686eebb5dc1d8ecb277353a59184f4aa.sdkstatcache -Xcc -I/Users/bilalshihab/Library/Developer/Xcode/DerivedData/curby-eezqjhizyeedingcpgpfxuniqpdy/Build/Intermediates.noindex/curby.build/Release-iphonesimulator/curby.build/swift-overrides.hmap -Xcc -iquote -Xcc /Users/bilalshihab/Library/Developer/Xcode/DerivedData/curby-eezqjhizyeedingcpgpfxuniqpdy/Build/Intermediates.noindex/curby.build/Release-iphonesimulator/curby.build/curby-generated-files.hmap -Xcc -I/Users/bilalshihab/Library/Developer/Xcode/DerivedData/curby-eezqjhizyeedingcpgpfxuniqpdy/Build/Intermediates.noindex/curby.build/Release-iphonesimulator/curby.build/curby-own-target-headers.hmap -Xcc -I/Users/bilalshihab/Library/Developer/Xcode/DerivedData/curby-eezqjhizyeedingcpgpfxuniqpdy/Build/Intermediates.noindex/curby.build/Release-iphonesimulator/curby.build/curby-all-non-framework-target-headers.hmap -Xcc -ivfsoverlay -Xcc /Users/bilalshihab/Library/Developer/Xcode/DerivedData/curby-eezqjhizyeedingcpgpfxuniqpdy/Build/Intermediates.noindex/curby.build/Release-iphonesimulator/curby-b176358faf124f04501ca52d24b7e9bb-VFS-iphonesimulator/all-product-headers.yaml -Xcc -iquote -Xcc /Users/bilalshihab/Library/Developer/Xcode/DerivedData/curby-eezqjhizyeedingcpgpfxuniqpdy/Build/Intermediates.noindex/curby.build/Release-iphonesimulator/curby.build/curby-project-headers.hmap -Xcc -I/Users/bilalshihab/Library/Developer/Xcode/DerivedData/curby-eezqjhizyeedingcpgpfxuniqpdy/Build/Products/Release-iphonesimulator/include -Xcc -I/Users/bilalshihab/Library/Developer/Xcode/DerivedData/curby-eezqjhizyeedingcpgpfxuniqpdy/Build/Intermediates.noindex/curby.build/Release-iphonesimulator/curby.build/DerivedSources-normal/arm64 -Xcc -I/Users/bilalshihab/Library/Developer/Xcode/DerivedData/curby-eezqjhizyeedingcpgpfxuniqpdy/Build/Intermediates.noindex/curby.build/Release-iphonesimulator/curby.build/DerivedSources/arm64 -Xcc -I/Users/bilalshihab/Library/Developer/Xcode/DerivedData/curby-eezqjhizyeedingcpgpfxuniqpdy/Build/Intermediates.noindex/curby.build/Release-iphonesimulator/curby.build/DerivedSources -no-auto-bridging-header-chaining -module-name curby -frontend-parseable-output -disable-clang-spi -clang-target arm64-apple-ios26.4-simulator -target-sdk-version 26.4 -target-sdk-name iphonesimulator26.4 -in-process-plugin-server-path /Applications/Xcode.app/Contents/Developer/Toolchains/XcodeDefault.xctoolchain/usr/lib/swift/host/libSwiftInProcPluginServer.dylib -enable-default-cmo -num-threads 10 -o /Users/bilalshihab/Library/Developer/Xcode/DerivedData/curby-eezqjhizyeedingcpgpfxuniqpdy/Build/Intermediates.noindex/curby.build/Release-iphonesimulator/curby.build/Objects-normal/arm64/CameraController.o -o /Users/bilalshihab/Library/Developer/Xcode/DerivedData/curby-eezqjhizyeedingcpgpfxuniqpdy/Build/Intermediates.noindex/curby.build/Release-iphonesimulator/curby.build/Objects-normal/arm64/CameraState.o -o /Users/bilalshihab/Library/Developer/Xcode/DerivedData/curby-eezqjhizyeedingcpgpfxuniqpdy/Build/Intermediates.noindex/curby.build/Release-iphonesimulator/curby.build/Objects-normal/arm64/Constants.o -o /Users/bilalshihab/Library/Developer/Xcode/DerivedData/curby-eezqjhizyeedingcpgpfxuniqpdy/Build/Intermediates.noindex/curby.build/Release-iphonesimulator/curby.build/Objects-normal/arm64/CurbyAPIClient.o -o /Users/bilalshihab/Library/Developer/Xcode/DerivedData/curby-eezqjhizyeedingcpgpfxuniqpdy/Build/Intermediates.noindex/curby.build/Release-iphonesimulator/curby.build/Objects-normal/arm64/CurbyAPIModels.o -o /Users/bilalshihab/Library/Developer/Xcode/DerivedData/curby-eezqjhizyeedingcpgpfxuniqpdy/Build/Intermediates.noindex/curby.build/Release-iphonesimulator/curby.build/Objects-normal/arm64/CurbyUserIdentity.o -o /Users/bilalshihab/Library/Developer/Xcode/DerivedData/curby-eezqjhizyeedingcpgpfxuniqpdy/Build/Intermediates.noindex/curby.build/Release-iphonesimulator/curby.build/Objects-normal/arm64/ParkingWebSocketManager.o -o /Users/bilalshihab/Library/Developer/Xcode/DerivedData/curby-eezqjhizyeedingcpgpfxuniqpdy/Build/Intermediates.noindex/curby.build/Release-iphonesimulator/curby.build/Objects-normal/arm64/RemoteConfigService.o -o /Users/bilalshihab/Library/Developer/Xcode/DerivedData/curby-eezqjhizyeedingcpgpfxuniqpdy/Build/Intermediates.noindex/curby.build/Release-iphonesimulator/curby.build/Objects-normal/arm64/HeatZone.o -o /Users/bilalshihab/Library/Developer/Xcode/DerivedData/curby-eezqjhizyeedingcpgpfxuniqpdy/Build/Intermediates.noindex/curby.build/Release-iphonesimulator/curby.build/Objects-normal/arm64/HeatZoneDetailView.o -o /Users/bilalshihab/Library/Developer/Xcode/DerivedData/curby-eezqjhizyeedingcpgpfxuniqpdy/Build/Intermediates.noindex/curby.build/Release-iphonesimulator/curby.build/Objects-normal/arm64/HeatZoneGeometry.o -o /Users/bilalshihab/Library/Developer/Xcode/DerivedData/curby-eezqjhizyeedingcpgpfxuniqpdy/Build/Intermediates.noindex/curby.build/Release-iphonesimulator/curby.build/Objects-normal/arm64/HeatZoneManager.o -o /Users/bilalshihab/Library/Developer/Xcode/DerivedData/curby-eezqjhizyeedingcpgpfxuniqpdy/Build/Intermediates.noindex/curby.build/Release-iphonesimulator/curby.build/Objects-normal/arm64/HeatZoneOverlay.o -o /Users/bilalshihab/Library/Developer/Xcode/DerivedData/curby-eezqjhizyeedingcpgpfxuniqpdy/Build/Intermediates.noindex/curby.build/Release-iphonesimulator/curby.build/Objects-normal/arm64/ParkingRoadAlignment.o -o /Users/bilalshihab/Library/Developer/Xcode/DerivedData/curby-eezqjhizyeedingcpgpfxuniqpdy/Build/Intermediates.noindex/curby.build/Release-iphonesimulator/curby.build/Objects-normal/arm64/ParkingStructureAlignment.o -o /Users/bilalshihab/Library/Developer/Xcode/DerivedData/curby-eezqjhizyeedingcpgpfxuniqpdy/Build/Intermediates.noindex/curby.build/Release-iphonesimulator/curby.build/Objects-normal/arm64/ParkingZoneMapStyleContent.o -o /Users/bilalshihab/Library/Developer/Xcode/DerivedData/curby-eezqjhizyeedingcpgpfxuniqpdy/Build/Intermediates.noindex/curby.build/Release-iphonesimulator/curby.build/Objects-normal/arm64/LocationService.o -o /Users/bilalshihab/Library/Developer/Xcode/DerivedData/curby-eezqjhizyeedingcpgpfxuniqpdy/Build/Intermediates.noindex/curby.build/Release-iphonesimulator/curby.build/Objects-normal/arm64/ParkingEventDetector.o -o /Users/bilalshihab/Library/Developer/Xcode/DerivedData/curby-eezqjhizyeedingcpgpfxuniqpdy/Build/Intermediates.noindex/curby.build/Release-iphonesimulator/curby.build/Objects-normal/arm64/TelemetryUploader.o -o /Users/bilalshihab/Library/Developer/Xcode/DerivedData/curby-eezqjhizyeedingcpgpfxuniqpdy/Build/Intermediates.noindex/curby.build/Release-iphonesimulator/curby.build/Objects-normal/arm64/CurbyLiveParkingMapStyleContent.o -o /Users/bilalshihab/Library/Developer/Xcode/DerivedData/curby-eezqjhizyeedingcpgpfxuniqpdy/Build/Intermediates.noindex/curby.build/Release-iphonesimulator/curby.build/Objects-normal/arm64/CurbyMapView.o -o /Users/bilalshihab/Library/Developer/Xcode/DerivedData/curby-eezqjhizyeedingcpgpfxuniqpdy/Build/Intermediates.noindex/curby.build/Release-iphonesimulator/curby.build/Objects-normal/arm64/DeveloperDebugMapStyleContent.o -o /Users/bilalshihab/Library/Developer/Xcode/DerivedData/curby-eezqjhizyeedingcpgpfxuniqpdy/Build/Intermediates.noindex/curby.build/Release-iphonesimulator/curby.build/Objects-normal/arm64/DroppedPinAnnotation.o -o /Users/bilalshihab/Library/Developer/Xcode/DerivedData/curby-eezqjhizyeedingcpgpfxuniqpdy/Build/Intermediates.noindex/curby.build/Release-iphonesimulator/curby.build/Objects-normal/arm64/ExpandedMapView.o -o /Users/bilalshihab/Library/Developer/Xcode/DerivedData/curby-eezqjhizyeedingcpgpfxuniqpdy/Build/Intermediates.noindex/curby.build/Release-iphonesimulator/curby.build/Objects-normal/arm64/MotionStateManager.o -o /Users/bilalshihab/Library/Developer/Xcode/DerivedData/curby-eezqjhizyeedingcpgpfxuniqpdy/Build/Intermediates.noindex/curby.build/Release-iphonesimulator/curby.build/Objects-normal/arm64/OnboardingState.o -o /Users/bilalshihab/Library/Developer/Xcode/DerivedData/curby-eezqjhizyeedingcpgpfxuniqpdy/Build/Intermediates.noindex/curby.build/Release-iphonesimulator/curby.build/Objects-normal/arm64/OnboardingView.o -o /Users/bilalshihab/Library/Developer/Xcode/DerivedData/curby-eezqjhizyeedingcpgpfxuniqpdy/Build/Intermediates.noindex/curby.build/Release-iphonesimulator/curby.build/Objects-normal/arm64/SettingsView.o -o /Users/bilalshihab/Library/Developer/Xcode/DerivedData/curby-eezqjhizyeedingcpgpfxuniqpdy/Build/Intermediates.noindex/curby.build/Release-iphonesimulator/curby.build/Objects-normal/arm64/LiveParkingArea.o -o /Users/bilalshihab/Library/Developer/Xcode/DerivedData/curby-eezqjhizyeedingcpgpfxuniqpdy/Build/Intermediates.noindex/curby.build/Release-iphonesimulator/curby.build/Objects-normal/arm64/ParkingAreaDetailView.o -o /Users/bilalshihab/Library/Developer/Xcode/DerivedData/curby-eezqjhizyeedingcpgpfxuniqpdy/Build/Intermediates.noindex/curby.build/Release-iphonesimulator/curby.build/Objects-normal/arm64/ParkingAreaManager.o -o /Users/bilalshihab/Library/Developer/Xcode/DerivedData/curby-eezqjhizyeedingcpgpfxuniqpdy/Build/Intermediates.noindex/curby.build/Release-iphonesimulator/curby.build/Objects-normal/arm64/PopularLocation.o -o /Users/bilalshihab/Library/Developer/Xcode/DerivedData/curby-eezqjhizyeedingcpgpfxuniqpdy/Build/Intermediates.noindex/curby.build/Release-iphonesimulator/curby.build/Objects-normal/arm64/SearchState.o -o /Users/bilalshihab/Library/Developer/Xcode/DerivedData/curby-eezqjhizyeedingcpgpfxuniqpdy/Build/Intermediates.noindex/curby.build/Release-iphonesimulator/curby.build/Objects-normal/arm64/SearchView.o -o /Users/bilalshihab/Library/Developer/Xcode/DerivedData/curby-eezqjhizyeedingcpgpfxuniqpdy/Build/Intermediates.noindex/curby.build/Release-iphonesimulator/curby.build/Objects-normal/arm64/RecenterButton.o -o /Users/bilalshihab/Library/Developer/Xcode/DerivedData/curby-eezqjhizyeedingcpgpfxuniqpdy/Build/Intermediates.noindex/curby.build/Release-iphonesimulator/curby.build/Objects-normal/arm64/BottomSheetComponents.o -o /Users/bilalshihab/Library/Developer/Xcode/DerivedData/curby-eezqjhizyeedingcpgpfxuniqpdy/Build/Intermediates.noindex/curby.build/Release-iphonesimulator/curby.build/Objects-normal/arm64/CurbyGlass.o -o /Users/bilalshihab/Library/Developer/Xcode/DerivedData/curby-eezqjhizyeedingcpgpfxuniqpdy/Build/Intermediates.noindex/curby.build/Release-iphonesimulator/curby.build/Objects-normal/arm64/CurbyHaptics.o -o /Users/bilalshihab/Library/Developer/Xcode/DerivedData/curby-eezqjhizyeedingcpgpfxuniqpdy/Build/Intermediates.noindex/curby.build/Release-iphonesimulator/curby.build/Objects-normal/arm64/MapOverlayView.o -o /Users/bilalshihab/Library/Developer/Xcode/DerivedData/curby-eezqjhizyeedingcpgpfxuniqpdy/Build/Intermediates.noindex/curby.build/Release-iphonesimulator/curby.build/Objects-normal/arm64/ContentView.o -o /Users/bilalshihab/Library/Developer/Xcode/DerivedData/curby-eezqjhizyeedingcpgpfxuniqpdy/Build/Intermediates.noindex/curby.build/Release-iphonesimulator/curby.build/Objects-normal/arm64/curbyApp.o -o /Users/bilalshihab/Library/Developer/Xcode/DerivedData/curby-eezqjhizyeedingcpgpfxuniqpdy/Build/Intermediates.noindex/curby.build/Release-iphonesimulator/curby.build/Objects-normal/arm64/MainNavigationView.o -o /Users/bilalshihab/Library/Developer/Xcode/DerivedData/curby-eezqjhizyeedingcpgpfxuniqpdy/Build/Intermediates.noindex/curby.build/Release-iphonesimulator/curby.build/Objects-normal/arm64/GeneratedAssetSymbols.o -index-unit-output-path /curby.build/Release-iphonesimulator/curby.build/Objects-normal/arm64/CameraController.o -index-unit-output-path /curby.build/Release-iphonesimulator/curby.build/Objects-normal/arm64/CameraState.o -index-unit-output-path /curby.build/Release-iphonesimulator/curby.build/Objects-normal/arm64/Constants.o -index-unit-output-path /curby.build/Release-iphonesimulator/curby.build/Objects-normal/arm64/CurbyAPIClient.o -index-unit-output-path /curby.build/Release-iphonesimulator/curby.build/Objects-normal/arm64/CurbyAPIModels.o -index-unit-output-path /curby.build/Release-iphonesimulator/curby.build/Objects-normal/arm64/CurbyUserIdentity.o -index-unit-output-path /curby.build/Release-iphonesimulator/curby.build/Objects-normal/arm64/ParkingWebSocketManager.o -index-unit-output-path /curby.build/Release-iphonesimulator/curby.build/Objects-normal/arm64/RemoteConfigService.o -index-unit-output-path /curby.build/Release-iphonesimulator/curby.build/Objects-normal/arm64/HeatZone.o -index-unit-output-path /curby.build/Release-iphonesimulator/curby.build/Objects-normal/arm64/HeatZoneDetailView.o -index-unit-output-path /curby.build/Release-iphonesimulator/curby.build/Objects-normal/arm64/HeatZoneGeometry.o -index-unit-output-path /curby.build/Release-iphonesimulator/curby.build/Objects-normal/arm64/HeatZoneManager.o -index-unit-output-path /curby.build/Release-iphonesimulator/curby.build/Objects-normal/arm64/HeatZoneOverlay.o -index-unit-output-path /curby.build/Release-iphonesimulator/curby.build/Objects-normal/arm64/ParkingRoadAlignment.o -index-unit-output-path /curby.build/Release-iphonesimulator/curby.build/Objects-normal/arm64/ParkingStructureAlignment.o -index-unit-output-path /curby.build/Release-iphonesimulator/curby.build/Objects-normal/arm64/ParkingZoneMapStyleContent.o -index-unit-output-path /curby.build/Release-iphonesimulator/curby.build/Objects-normal/arm64/LocationService.o -index-unit-output-path /curby.build/Release-iphonesimulator/curby.build/Objects-normal/arm64/ParkingEventDetector.o -index-unit-output-path /curby.build/Release-iphonesimulator/curby.build/Objects-normal/arm64/TelemetryUploader.o -index-unit-output-path /curby.build/Release-iphonesimulator/curby.build/Objects-normal/arm64/CurbyLiveParkingMapStyleContent.o -index-unit-output-path /curby.build/Release-iphonesimulator/curby.build/Objects-normal/arm64/CurbyMapView.o -index-unit-output-path /curby.build/Release-iphonesimulator/curby.build/Objects-normal/arm64/DeveloperDebugMapStyleContent.o -index-unit-output-path /curby.build/Release-iphonesimulator/curby.build/Objects-normal/arm64/DroppedPinAnnotation.o -index-unit-output-path /curby.build/Release-iphonesimulator/curby.build/Objects-normal/arm64/ExpandedMapView.o -index-unit-output-path /curby.build/Release-iphonesimulator/curby.build/Objects-normal/arm64/MotionStateManager.o -index-unit-output-path /curby.build/Release-iphonesimulator/curby.build/Objects-normal/arm64/OnboardingState.o -index-unit-output-path /curby.build/Release-iphonesimulator/curby.build/Objects-normal/arm64/OnboardingView.o -index-unit-output-path /curby.build/Release-iphonesimulator/curby.build/Objects-normal/arm64/SettingsView.o -index-unit-output-path /curby.build/Release-iphonesimulator/curby.build/Objects-normal/arm64/LiveParkingArea.o -index-unit-output-path /curby.build/Release-iphonesimulator/curby.build/Objects-normal/arm64/ParkingAreaDetailView.o -index-unit-output-path /curby.build/Release-iphonesimulator/curby.build/Objects-normal/arm64/ParkingAreaManager.o -index-unit-output-path /curby.build/Release-iphonesimulator/curby.build/Objects-normal/arm64/PopularLocation.o -index-unit-output-path /curby.build/Release-iphonesimulator/curby.build/Objects-normal/arm64/SearchState.o -index-unit-output-path /curby.build/Release-iphonesimulator/curby.build/Objects-normal/arm64/SearchView.o -index-unit-output-path /curby.build/Release-iphonesimulator/curby.build/Objects-normal/arm64/RecenterButton.o -index-unit-output-path /curby.build/Release-iphonesimulator/curby.build/Objects-normal/arm64/BottomSheetComponents.o -index-unit-output-path /curby.build/Release-iphonesimulator/curby.build/Objects-normal/arm64/CurbyGlass.o -index-unit-output-path /curby.build/Release-iphonesimulator/curby.build/Objects-normal/arm64/CurbyHaptics.o -index-unit-output-path /curby.build/Release-iphonesimulator/curby.build/Objects-normal/arm64/MapOverlayView.o -index-unit-output-path /curby.build/Release-iphonesimulator/curby.build/Objects-normal/arm64/ContentView.o -index-unit-output-path /curby.build/Release-iphonesimulator/curby.build/Objects-normal/arm64/curbyApp.o -index-unit-output-path /curby.build/Release-iphonesimulator/curby.build/Objects-normal/arm64/MainNavigationView.o -index-unit-output-path /curby.build/Release-iphonesimulator/curby.build/Objects-normal/arm64/GeneratedAssetSymbols.o

CompileSwift normal arm64 (in target 'curby' from project 'curby')
    cd /Users/bilalshihab/dev/curby
    
/Users/bilalshihab/dev/curby/curby/Camera/CameraController.swift:130:38: error: type 'CurbyConstants' has no member 'defaultFallbackZoom'
                zoom: CurbyConstants.defaultFallbackZoom
                      ~~~~~~~~~~~~~~ ^~~~~~~~~~~~~~~~~~~
/Users/bilalshihab/dev/curby/curby/Parking/ParkingAreaManager.swift:29:55: warning: main actor-isolated static property 'storedWalkingDistanceMeters' can not be referenced from a nonisolated context
        walkingRadiusMeters: Double = OnboardingState.storedWalkingDistanceMeters,
                                                      ^
/Users/bilalshihab/dev/curby/curby/Onboarding/OnboardingState.swift:119:16: note: static property declared here
    static var storedWalkingDistanceMeters: Double {
               ^
/Users/bilalshihab/dev/curby/curby/Search/SearchView.swift:512:20: warning: value 'pendingUpdate' was defined but never used; consider replacing with boolean test
            if let pendingUpdate = parkingSearchManager.pendingRouteUpdate {
               ~~~~^~~~~~~~~~~~~~~~
                                                                           != nil
/Users/bilalshihab/dev/curby/curby/Search/SearchView.swift:824:25: warning: 'MKPlacemark' was deprecated in iOS 26.0: Use MKMapItem's location, address and addressRepresentations properties instead. Use MKAddressRepresentations for formatted address strings for MapKit provided MKMapItems
        let placemark = MKPlacemark(coordinate: coordinate)
                        ^
/Users/bilalshihab/dev/curby/curby/Search/SearchView.swift:825:23: warning: 'init(placemark:)' was deprecated in iOS 26.0: Use init(location:address:)
        let mapItem = MKMapItem(placemark: placemark)
                      ^
/Users/bilalshihab/dev/curby/curby/Search/SearchView.swift:884:54: warning: 'placemark' was deprecated in iOS 26.0: Use location, address and addressRepresentations instead
                                    coordinate: item.placemark.coordinate,
                                                     ^
/Users/bilalshihab/dev/curby/curby/Search/SearchView.swift:886:52: warning: 'placemark' was deprecated in iOS 26.0: Use location, address and addressRepresentations instead
                                    subtitle: item.placemark.locality ?? item.placemark.subLocality ?? "Nearby"
                                                   ^
/Users/bilalshihab/dev/curby/curby/Search/SearchView.swift:886:79: warning: 'placemark' was deprecated in iOS 26.0: Use location, address and addressRepresentations instead
                                    subtitle: item.placemark.locality ?? item.placemark.subLocality ?? "Nearby"
                                                                              ^
/Users/bilalshihab/dev/curby/curby/Search/SearchView.swift:889:52: warning: 'placemark' was deprecated in iOS 26.0: Use location, address and addressRepresentations instead
                                    latitude: item.placemark.coordinate.latitude,
                                                   ^
/Users/bilalshihab/dev/curby/curby/Search/SearchView.swift:890:53: warning: 'placemark' was deprecated in iOS 26.0: Use location, address and addressRepresentations instead
                                    longitude: item.placemark.coordinate.longitude
                                                    ^
/Users/bilalshihab/dev/curby/curby/MainNavigationView.swift:444:17: warning: no calls to throwing functions occur within 'try' expression
            _ = try? map.querySourceFeatures(
                ^
/Users/bilalshihab/dev/curby/curby/MainNavigationView.swift:464:17: warning: no calls to throwing functions occur within 'try' expression
            _ = try? map.querySourceFeatures(
                ^
/Users/bilalshihab/dev/curby/curby/MainNavigationView.swift:826:25: warning: 'MKPlacemark' was deprecated in iOS 26.0: Use MKMapItem's location, address and addressRepresentations properties instead. Use MKAddressRepresentations for formatted address strings for MapKit provided MKMapItems
        let placemark = MKPlacemark(coordinate: coordinate)
                        ^
/Users/bilalshihab/dev/curby/curby/MainNavigationView.swift:827:23: warning: 'init(placemark:)' was deprecated in iOS 26.0: Use init(location:address:)
        let mapItem = MKMapItem(placemark: placemark)
                      ^

SwiftCompile normal x86_64 Compiling\ CameraController.swift,\ CameraState.swift,\ Constants.swift,\ CurbyAPIClient.swift,\ CurbyAPIModels.swift,\ CurbyUserIdentity.swift,\ ParkingWebSocketManager.swift,\ RemoteConfigService.swift,\ HeatZone.swift,\ HeatZoneDetailView.swift,\ HeatZoneGeometry.swift,\ HeatZoneManager.swift,\ HeatZoneOverlay.swift,\ ParkingRoadAlignment.swift,\ ParkingStructureAlignment.swift,\ ParkingZoneMapStyleContent.swift,\ LocationService.swift,\ ParkingEventDetector.swift,\ TelemetryUploader.swift,\ CurbyLiveParkingMapStyleContent.swift,\ CurbyMapView.swift,\ DeveloperDebugMapStyleContent.swift,\ DroppedPinAnnotation.swift,\ ExpandedMapView.swift,\ MotionStateManager.swift,\ OnboardingState.swift,\ OnboardingView.swift,\ SettingsView.swift,\ LiveParkingArea.swift,\ ParkingAreaDetailView.swift,\ ParkingAreaManager.swift,\ PopularLocation.swift,\ SearchState.swift,\ SearchView.swift,\ RecenterButton.swift,\ BottomSheetComponents.swift,\ CurbyGlass.swift,\ CurbyHaptics.swift,\ MapOverlayView.swift,\ ContentView.swift,\ curbyApp.swift,\ MainNavigationView.swift,\ GeneratedAssetSymbols.swift /Users/bilalshihab/dev/curby/curby/Camera/CameraController.swift /Users/bilalshihab/dev/curby/curby/Camera/CameraState.swift /Users/bilalshihab/dev/curby/curby/Core/Constants.swift /Users/bilalshihab/dev/curby/curby/Core/CurbyAPIClient.swift /Users/bilalshihab/dev/curby/curby/Core/CurbyAPIModels.swift /Users/bilalshihab/dev/curby/curby/Core/CurbyUserIdentity.swift /Users/bilalshihab/dev/curby/curby/Core/ParkingWebSocketManager.swift /Users/bilalshihab/dev/curby/curby/Core/RemoteConfigService.swift /Users/bilalshihab/dev/curby/curby/HeatZone/HeatZone.swift /Users/bilalshihab/dev/curby/curby/HeatZone/HeatZoneDetailView.swift /Users/bilalshihab/dev/curby/curby/HeatZone/HeatZoneGeometry.swift /Users/bilalshihab/dev/curby/curby/HeatZone/HeatZoneManager.swift /Users/bilalshihab/dev/curby/curby/HeatZone/HeatZoneOverlay.swift /Users/bilalshihab/dev/curby/curby/HeatZone/ParkingRoadAlignment.swift /Users/bilalshihab/dev/curby/curby/HeatZone/ParkingStructureAlignment.swift /Users/bilalshihab/dev/curby/curby/HeatZone/ParkingZoneMapStyleContent.swift /Users/bilalshihab/dev/curby/curby/Location/LocationService.swift /Users/bilalshihab/dev/curby/curby/Location/ParkingEventDetector.swift /Users/bilalshihab/dev/curby/curby/Location/TelemetryUploader.swift /Users/bilalshihab/dev/curby/curby/Map/CurbyLiveParkingMapStyleContent.swift /Users/bilalshihab/dev/curby/curby/Map/CurbyMapView.swift /Users/bilalshihab/dev/curby/curby/Map/DeveloperDebugMapStyleContent.swift /Users/bilalshihab/dev/curby/curby/Map/DroppedPinAnnotation.swift /Users/bilalshihab/dev/curby/curby/Map/ExpandedMapView.swift /Users/bilalshihab/dev/curby/curby/Motion/MotionStateManager.swift /Users/bilalshihab/dev/curby/curby/Onboarding/OnboardingState.swift /Users/bilalshihab/dev/curby/curby/Onboarding/OnboardingView.swift /Users/bilalshihab/dev/curby/curby/Onboarding/SettingsView.swift /Users/bilalshihab/dev/curby/curby/Parking/LiveParkingArea.swift /Users/bilalshihab/dev/curby/curby/Parking/ParkingAreaDetailView.swift /Users/bilalshihab/dev/curby/curby/Parking/ParkingAreaManager.swift /Users/bilalshihab/dev/curby/curby/Search/PopularLocation.swift /Users/bilalshihab/dev/curby/curby/Search/SearchState.swift /Users/bilalshihab/dev/curby/curby/Search/SearchView.swift /Users/bilalshihab/dev/curby/curby/UI/Components/RecenterButton.swift /Users/bilalshihab/dev/curby/curby/UI/BottomSheetComponents.swift /Users/bilalshihab/dev/curby/curby/UI/CurbyGlass.swift /Users/bilalshihab/dev/curby/curby/UI/CurbyHaptics.swift /Users/bilalshihab/dev/curby/curby/UI/MapOverlayView.swift /Users/bilalshihab/dev/curby/curby/ContentView.swift /Users/bilalshihab/dev/curby/curby/curbyApp.swift /Users/bilalshihab/dev/curby/curby/MainNavigationView.swift /Users/bilalshihab/Library/Developer/Xcode/DerivedData/curby-eezqjhizyeedingcpgpfxuniqpdy/Build/Intermediates.noindex/curby.build/Release-iphonesimulator/curby.build/DerivedSources/GeneratedAssetSymbols.swift /Applications/Xcode.app/Contents/Developer/Toolchains/XcodeDefault.xctoolchain/usr/lib/swift/iphonesimulator/prebuilt-modules/26.4/Accessibility.swiftmodule/x86_64-apple-ios-simulator.swiftmodule /Applications/Xcode.app/Contents/Developer/Toolchains/XcodeDefault.xctoolchain/usr/lib/swift/iphonesimulator/prebuilt-modules/26.4/_MapKit_SwiftUI.swiftmodule/x86_64-apple-ios-simulator.swiftmodule /Applications/Xcode.app/Contents/Developer/Toolchains/XcodeDefault.xctoolchain/usr/lib/swift/iphonesimulator/prebuilt-modules/26.4/MetalKit.swiftmodule/x86_64-apple-ios-simulator.swiftmodule /Applications/Xcode.app/Contents/Developer/Toolchains/XcodeDefault.xctoolchain/usr/lib/swift/iphonesimulator/prebuilt-modules/26.4/CoreImage.swiftmodule/x86_64-apple-ios-simulator.swiftmodule /Applications/Xcode.app/Contents/Developer/Toolchains/XcodeDefault.xctoolchain/usr/lib/swift/iphonesimulator/prebuilt-modules/26.4/Symbols.swiftmodule/x86_64-apple-ios-simulator.swiftmodule /Applications/Xcode.app/Contents/Developer/Toolchains/XcodeDefault.xctoolchain/usr/lib/swift/iphonesimulator/prebuilt-modules/26.4/CoreText.swiftmodule/x86_64-apple-ios-simulator.swiftmodule /Applications/Xcode.app/Contents/Developer/Toolchains/XcodeDefault.xctoolchain/usr/lib/swift/iphonesimulator/prebuilt-modules/26.4/ModelIO.swiftmodule/x86_64-apple-ios-simulator.swiftmodule /Applications/Xcode.app/Contents/Developer/Toolchains/XcodeDefault.xctoolchain/usr/lib/swift/iphonesimulator/prebuilt-modules/26.4/Metal.swiftmodule/x86_64-apple-ios-simulator.swiftmodule /Applications/Xcode.app/Contents/Developer/Toolchains/XcodeDefault.xctoolchain/usr/lib/swift/iphonesimulator/prebuilt-modules/26.4/Foundation.swiftmodule/x86_64-apple-ios-simulator.swiftmodule /Users/bilalshihab/Library/Developer/Xcode/DerivedData/curby-eezqjhizyeedingcpgpfxuniqpdy/Build/Products/Release-iphonesimulator/MapboxMaps.swiftmodule/x86_64-apple-ios-simulator.swiftmodule /Applications/Xcode.app/Contents/Developer/Toolchains/XcodeDefault.xctoolchain/usr/lib/swift/iphonesimulator/prebuilt-modules/26.4/CoreAudio.swiftmodule/x86_64-apple-ios-simulator.swiftmodule /Applications/Xcode.app/Contents/Developer/Toolchains/XcodeDefault.xctoolchain/usr/lib/swift/iphonesimulator/prebuilt-modules/26.4/CoreFoundation.swiftmodule/x86_64-apple-ios-simulator.swiftmodule /Users/bilalshihab/Library/Developer/Xcode/DerivedData/curby-eezqjhizyeedingcpgpfxuniqpdy/Build/Intermediates.noindex/SwiftExplicitPrecompiledModules/MapboxCommon-WV66MMKOWV8P.swiftmodule /Applications/Xcode.app/Contents/Developer/Toolchains/XcodeDefault.xctoolchain/usr/lib/swift/iphonesimulator/prebuilt-modules/26.4/CoreGraphics.swiftmodule/x86_64-apple-ios-simulator.swiftmodule /Applications/Xcode.app/Contents/Developer/Toolchains/XcodeDefault.xctoolchain/usr/lib/swift/iphonesimulator/prebuilt-modules/26.4/UIKit.swiftmodule/x86_64-apple-ios-simulator.swiftmodule /Applications/Xcode.app/Contents/Developer/Toolchains/XcodeDefault.xctoolchain/usr/lib/swift/iphonesimulator/prebuilt-modules/26.4/CoreData.swiftmodule/x86_64-apple-ios-simulator.swiftmodule /Applications/Xcode.app/Contents/Developer/Toolchains/XcodeDefault.xctoolchain/usr/lib/swift/iphonesimulator/prebuilt-modules/26.4/MapKit.swiftmodule/x86_64-apple-ios-simulator.swiftmodule /Applications/Xcode.app/Contents/Developer/Toolchains/XcodeDefault.xctoolchain/usr/lib/swift/iphonesimulator/prebuilt-modules/26.4/QuartzCore.swiftmodule/x86_64-apple-ios-simulator.swiftmodule /Applications/Xcode.app/Contents/Developer/Toolchains/XcodeDefault.xctoolchain/usr/lib/swift/iphonesimulator/prebuilt-modules/26.4/ObjectiveC.swiftmodule/x86_64-apple-ios-simulator.swiftmodule /Applications/Xcode.app/Contents/Developer/Toolchains/XcodeDefault.xctoolchain/usr/lib/swift/iphonesimulator/prebuilt-modules/26.4/XPC.swiftmodule/x86_64-apple-ios-simulator.swiftmodule /Applications/Xcode.app/Contents/Developer/Toolchains/XcodeDefault.xctoolchain/usr/lib/swift/iphonesimulator/prebuilt-modules/26.4/FileProvider.swiftmodule/x86_64-apple-ios-simulator.swiftmodule /Applications/Xcode.app/Contents/Developer/Toolchains/XcodeDefault.xctoolchain/usr/lib/swift/iphonesimulator/prebuilt-modules/26.4/DataDetection.swiftmodule/x86_64-apple-ios-simulator.swiftmodule /Applications/Xcode.app/Contents/Developer/Toolchains/XcodeDefault.xctoolchain/usr/lib/swift/iphonesimulator/prebuilt-modules/26.4/_StringProcessing.swiftmodule/x86_64-apple-ios-simulator.swiftmodule /Applications/Xcode.app/Contents/Developer/Toolchains/XcodeDefault.xctoolchain/usr/lib/swift/iphonesimulator/prebuilt-modules/26.4/OSLog.swiftmodule/x86_64-apple-ios-simulator.swiftmodule /Applications/Xcode.app/Contents/Developer/Toolchains/XcodeDefault.xctoolchain/usr/lib/swift/iphonesimulator/prebuilt-modules/26.4/CoreMedia.swiftmodule/x86_64-apple-ios-simulator.swiftmodule /Applications/Xcode.app/Contents/Developer/Toolchains/XcodeDefault.xctoolchain/usr/lib/swift/iphonesimulator/prebuilt-modules/26.4/SwiftUI.swiftmodule/x86_64-apple-ios-simulator.swiftmodule /Applications/Xcode.app/Contents/Developer/Toolchains/XcodeDefault.xctoolchain/usr/lib/swift/iphonesimulator/prebuilt-modules/26.4/Dispatch.swiftmodule/x86_64-apple-ios-simulator.swiftmodule /Applications/Xcode.app/Contents/Developer/Toolchains/XcodeDefault.xctoolchain/usr/lib/swift/iphonesimulator/prebuilt-modules/26.4/_Concurrency.swiftmodule/x86_64-apple-ios-simulator.swiftmodule /Applications/Xcode.app/Contents/Developer/Toolchains/XcodeDefault.xctoolchain/usr/lib/swift/iphonesimulator/prebuilt-modules/26.4/_DarwinFoundation1.swiftmodule/x86_64-apple-ios-simulator.swiftmodule /Applications/Xcode.app/Contents/Developer/Toolchains/XcodeDefault.xctoolchain/usr/lib/swift/iphonesimulator/prebuilt-modules/26.4/Network.swiftmodule/x86_64-apple-ios-simulator.swiftmodule /Applications/Xcode.app/Contents/Developer/Toolchains/XcodeDefault.xctoolchain/usr/lib/swift/iphonesimulator/prebuilt-modules/26.4/CoreTransferable.swiftmodule/x86_64-apple-ios-simulator.swiftmodule /Applications/Xcode.app/Contents/Developer/Toolchains/XcodeDefault.xctoolchain/usr/lib/swift/iphonesimulator/prebuilt-modules/26.4/WebKit.swiftmodule/x86_64-apple-ios-simulator.swiftmodule /Applications/Xcode.app/Contents/Developer/Toolchains/XcodeDefault.xctoolchain/usr/lib/swift/iphonesimulator/prebuilt-modules/26.4/_Builtin_float.swiftmodule/x86_64-apple-ios-simulator.swiftmodule /Applications/Xcode.app/Contents/Developer/Toolchains/XcodeDefault.xctoolchain/usr/lib/swift/iphonesimulator/prebuilt-modules/26.4/Swift.swiftmodule/x86_64-apple-ios-simulator.swiftmodule /Users/bilalshihab/Library/Developer/Xcode/DerivedData/curby-eezqjhizyeedingcpgpfxuniqpdy/Build/Intermediates.noindex/SwiftExplicitPrecompiledModules/Turf-3R50HSCSDKB1N.swiftmodule /Users/bilalshihab/Library/Developer/Xcode/DerivedData/curby-eezqjhizyeedingcpgpfxuniqpdy/Build/Intermediates.noindex/SwiftExplicitPrecompiledModules/MapboxCoreMaps-3JK4QXETY2AJ3.swiftmodule /Users/bilalshihab/Library/Developer/Xcode/DerivedData/curby-eezqjhizyeedingcpgpfxuniqpdy/Build/Products/Release-iphonesimulator/PhosphorSwift.swiftmodule/x86_64-apple-ios-simulator.swiftmodule /Applications/Xcode.app/Contents/Developer/Toolchains/XcodeDefault.xctoolchain/usr/lib/swift/iphonesimulator/prebuilt-modules/26.4/System.swiftmodule/x86_64-apple-ios-simulator.swiftmodule /Applications/Xcode.app/Contents/Developer/Toolchains/XcodeDefault.xctoolchain/usr/lib/swift/iphonesimulator/prebuilt-modules/26.4/Combine.swiftmodule/x86_64-apple-ios-simulator.swiftmodule /Applications/Xcode.app/Contents/Developer/Toolchains/XcodeDefault.xctoolchain/usr/lib/swift/iphonesimulator/prebuilt-modules/26.4/os.swiftmodule/x86_64-apple-ios-simulator.swiftmodule /Applications/Xcode.app/Contents/Developer/Toolchains/XcodeDefault.xctoolchain/usr/lib/swift/iphonesimulator/prebuilt-modules/26.4/simd.swiftmodule/x86_64-apple-ios-simulator.swiftmodule /Applications/Xcode.app/Contents/Developer/Toolchains/XcodeDefault.xctoolchain/usr/lib/swift/iphonesimulator/prebuilt-modules/26.4/GeoToolbox.swiftmodule/x86_64-apple-ios-simulator.swiftmodule /Applications/Xcode.app/Contents/Developer/Toolchains/XcodeDefault.xctoolchain/usr/lib/swift/iphonesimulator/prebuilt-modules/26.4/_DarwinFoundation2.swiftmodule/x86_64-apple-ios-simulator.swiftmodule /Applications/Xcode.app/Contents/Developer/Toolchains/XcodeDefault.xctoolchain/usr/lib/swift/iphonesimulator/prebuilt-modules/26.4/SwiftUICore.swiftmodule/x86_64-apple-ios-simulator.swiftmodule /Applications/Xcode.app/Contents/Developer/Toolchains/XcodeDefault.xctoolchain/usr/lib/swift/iphonesimulator/prebuilt-modules/26.4/Spatial.swiftmodule/x86_64-apple-ios-simulator.swiftmodule /Applications/Xcode.app/Contents/Developer/Toolchains/XcodeDefault.xctoolchain/usr/lib/swift/iphonesimulator/prebuilt-modules/26.4/Darwin.swiftmodule/x86_64-apple-ios-simulator.swiftmodule /Applications/Xcode.app/Contents/Developer/Toolchains/XcodeDefault.xctoolchain/usr/lib/swift/iphonesimulator/prebuilt-modules/26.4/UniformTypeIdentifiers.swiftmodule/x86_64-apple-ios-simulator.swiftmodule /Applications/Xcode.app/Contents/Developer/Toolchains/XcodeDefault.xctoolchain/usr/lib/swift/iphonesimulator/prebuilt-modules/26.4/_DarwinFoundation3.swiftmodule/x86_64-apple-ios-simulator.swiftmodule /Applications/Xcode.app/Contents/Developer/Toolchains/XcodeDefault.xctoolchain/usr/lib/swift/iphonesimulator/prebuilt-modules/26.4/DeveloperToolsSupport.swiftmodule/x86_64-apple-ios-simulator.swiftmodule /Applications/Xcode.app/Contents/Developer/Toolchains/XcodeDefault.xctoolchain/usr/lib/swift/iphonesimulator/prebuilt-modules/26.4/CoreVideo.swiftmodule/x86_64-apple-ios-simulator.swiftmodule /Applications/Xcode.app/Contents/Developer/Toolchains/XcodeDefault.xctoolchain/usr/lib/swift/iphonesimulator/prebuilt-modules/26.4/CoreLocation.swiftmodule/x86_64-apple-ios-simulator.swiftmodule /Applications/Xcode.app/Contents/Developer/Toolchains/XcodeDefault.xctoolchain/usr/lib/swift/iphonesimulator/prebuilt-modules/26.4/CarPlay.swiftmodule/x86_64-apple-ios-simulator.swiftmodule /Applications/Xcode.app/Contents/Developer/Toolchains/XcodeDefault.xctoolchain/usr/lib/swift/iphonesimulator/prebuilt-modules/26.4/Distributed.swiftmodule/x86_64-apple-ios-simulator.swiftmodule /Applications/Xcode.app/Contents/Developer/Toolchains/XcodeDefault.xctoolchain/usr/lib/swift/iphonesimulator/prebuilt-modules/26.4/Observation.swiftmodule/x86_64-apple-ios-simulator.swiftmodule /Users/bilalshihab/Library/Developer/Xcode/DerivedData/ModuleCache.noindex/CFNetwork-41STOFS1HPNNXFKLOL94L8ZRD.pcm /Users/bilalshihab/Library/Developer/Xcode/DerivedData/ModuleCache.noindex/QuartzCore-39FM84FC2LOYJJIA4MYIRXVNU.pcm /Users/bilalshihab/Library/Developer/Xcode/DerivedData/ModuleCache.noindex/FileProvider-AYB30J59QFLIEZE1A5UZKCIQV.pcm /Users/bilalshihab/Library/Developer/Xcode/DerivedData/ModuleCache.noindex/_DarwinFoundation1-2KD2E2L9T25WEOUGKUAZ8ZL1O.pcm /Users/bilalshihab/Library/Developer/Xcode/DerivedData/ModuleCache.noindex/CoreAudioTypes-3NIDY69M3J9BSM3TL8DB9WJXY.pcm /Users/bilalshihab/Library/Developer/Xcode/DerivedData/ModuleCache.noindex/DataDetection-9Z4LC248A9BBVCYOXILZ2OIN.pcm /Users/bilalshihab/Library/Developer/Xcode/DerivedData/ModuleCache.noindex/CoreVideo-515W05NSQZXU435TFYRNE3TJX.pcm /Users/bilalshihab/Library/Developer/Xcode/DerivedData/ModuleCache.noindex/CoreMedia-EINSLTQR2XS4JMSRG59XSTOHS.pcm /Users/bilalshihab/Library/Developer/Xcode/DerivedData/ModuleCache.noindex/CoreGraphics-EOJUGE6VTKN964Y4T6M6P8IRH.pcm /Users/bilalshihab/Library/Developer/Xcode/DerivedData/ModuleCache.noindex/UserNotifications-5TBM61SM071URNQ2JZ6LMJKT2.pcm /Users/bilalshihab/Library/Developer/Xcode/DerivedData/ModuleCache.noindex/ptrauth-C7EJH82YTO19FRBYNQQ0I36LQ.pcm /Users/bilalshihab/Library/Developer/Xcode/DerivedData/ModuleCache.noindex/Foundation-6WKO6YIV5V7S8AAY701D3LZ4E.pcm /Users/bilalshihab/Library/Developer/Xcode/DerivedData/ModuleCache.noindex/Accessibility-9D4ZKNIPI920Q1UN5T4849GPH.pcm /Users/bilalshihab/Library/Developer/Xcode/DerivedData/curby-eezqjhizyeedingcpgpfxuniqpdy/Build/Intermediates.noindex/SwiftExplicitPrecompiledModules/MapboxCoreMaps-73RMBXHRMQCTMHYTUXZJJHWNI.pcm /Users/bilalshihab/Library/Developer/Xcode/DerivedData/ModuleCache.noindex/SwiftShims-CYU3DCAE57OR8YHI679RZYSSA.pcm /Users/bilalshihab/Library/Developer/Xcode/DerivedData/ModuleCache.noindex/ImageIO-4MU1U6PS1SQNH8RENJT99EK5D.pcm /Users/bilalshihab/Library/Developer/Xcode/DerivedData/ModuleCache.noindex/MachO-4AZN9WWPVLJ119XW091JQECSB.pcm /Users/bilalshihab/Library/Developer/Xcode/DerivedData/ModuleCache.noindex/UIUtilities-4CSJJRHSCLOZRN8VYH3STQ106.pcm /Users/bilalshihab/Library/Developer/Xcode/DerivedData/ModuleCache.noindex/CarPlay-C33VTNFVCWWJGQC1HKYWEM0WH.pcm /Users/bilalshihab/Library/Developer/Xcode/DerivedData/ModuleCache.noindex/Symbols-F4BE51H6F21FJSWYR6P7TBXLZ.pcm /Users/bilalshihab/Library/Developer/Xcode/DerivedData/ModuleCache.noindex/_Builtin_tgmath-5L9S01Q29CWWDQW8SYL52OQRC.pcm /Users/bilalshihab/Library/Developer/Xcode/DerivedData/ModuleCache.noindex/_DarwinFoundation3-9KYRBD3O0GC6GYVDRPPO5TD8B.pcm /Users/bilalshihab/Library/Developer/Xcode/DerivedData/ModuleCache.noindex/Spatial-C62IC3Y5FXJ8LSZ0OTLUNB2H1.pcm /Users/bilalshihab/Library/Developer/Xcode/DerivedData/ModuleCache.noindex/XPC-ASN441XN9OG645SZVM4QLLPE7.pcm /Users/bilalshihab/Library/Developer/Xcode/DerivedData/ModuleCache.noindex/_LocationEssentials-DQ9DFA335KDI4Y6GUDNUPM9TI.pcm /Users/bilalshihab/Library/Developer/Xcode/DerivedData/ModuleCache.noindex/CoreTransferable-BPP4ERGUNE921PZWP35CWBWMT.pcm /Users/bilalshihab/Library/Developer/Xcode/DerivedData/ModuleCache.noindex/WebKit-C1Z9U0OGZXUNLZEBDXB4YGYL5.pcm /Users/bilalshihab/Library/Developer/Xcode/DerivedData/ModuleCache.noindex/MapKit-BI2XOYBD9JM9RWV8NQ7HNK316.pcm /Users/bilalshihab/Library/Developer/Xcode/DerivedData/ModuleCache.noindex/CoreFoundation-10609XVFRA8IXPM3LR4E8F3Z6.pcm /Users/bilalshihab/Library/Developer/Xcode/DerivedData/curby-eezqjhizyeedingcpgpfxuniqpdy/Build/Intermediates.noindex/SwiftExplicitPrecompiledModules/Turf-96FPQHZYPWUTXZYPQH80E4D4G.pcm /Users/bilalshihab/Library/Developer/Xcode/DerivedData/ModuleCache.noindex/os_workgroup-BYBGCM4E9RIGIDT106N8ZJUIF.pcm /Users/bilalshihab/Library/Developer/Xcode/DerivedData/ModuleCache.noindex/CoreData-BMWJTF0RSIBO1784X5KSAKL04.pcm /Users/bilalshihab/Library/Developer/Xcode/DerivedData/ModuleCache.noindex/_Builtin_stdatomic-3KRADF7NHWC6MQ4I8MZV7X9XY.pcm /Users/bilalshihab/Library/Developer/Xcode/DerivedData/ModuleCache.noindex/_Builtin_intrinsics-DCKNR607SOU7D2VPRBD24128Z.pcm /Users/bilalshihab/Library/Developer/Xcode/DerivedData/ModuleCache.noindex/os_object-457E2GMAS9Y7V3MCAVW7RR3CY.pcm /Users/bilalshihab/Library/Developer/Xcode/DerivedData/ModuleCache.noindex/_Builtin_stdbool-685UOTBYRH32H9C09VW2HY8TS.pcm /Users/bilalshihab/Library/Developer/Xcode/DerivedData/ModuleCache.noindex/DeveloperToolsSupport-BF6ETI7PXFUOYXA45QC3SD9JR.pcm /Users/bilalshihab/Library/Developer/Xcode/DerivedData/ModuleCache.noindex/CoreText-7H23RZ20464H0KNSM8B6EZ35S.pcm /Users/bilalshihab/Library/Developer/Xcode/DerivedData/ModuleCache.noindex/Network-43A11LRSP5C41ARFCHTSMBY9T.pcm /Users/bilalshihab/Library/Developer/Xcode/DerivedData/ModuleCache.noindex/Darwin-BV06TM0MEU6K5KOX979KJ9PN3.pcm /Users/bilalshihab/Library/Developer/Xcode/DerivedData/ModuleCache.noindex/_Builtin_stdarg-3LO5BD2DK6TNLHNDQW5AH7MU.pcm /Users/bilalshihab/Library/Developer/Xcode/DerivedData/ModuleCache.noindex/CoreLocation-626YEKSU5BP8HK08LVLZP9B3B.pcm /Users/bilalshihab/Library/Developer/Xcode/DerivedData/ModuleCache.noindex/_Builtin_inttypes-51XTP3HH1DS261H8S0U40VCEZ.pcm /Users/bilalshihab/Library/Developer/Xcode/DerivedData/ModuleCache.noindex/_AvailabilityInternal-X0GWBF0DV1UCZKMHBBWC2RV5.pcm /Users/bilalshihab/Library/Developer/Xcode/DerivedData/ModuleCache.noindex/sys_types-9VKUI0PT5GP9O527NCJBGPHQT.pcm /Users/bilalshihab/Library/Developer/Xcode/DerivedData/ModuleCache.noindex/_SwiftConcurrencyShims-8K0B4PXBWGCDAEG2VKC7DFXMW.pcm /Users/bilalshihab/Library/Developer/Xcode/DerivedData/ModuleCache.noindex/_Builtin_float-CGF4ZXG6M4WGT0TNK40JDK3J5.pcm /Users/bilalshihab/Library/Developer/Xcode/DerivedData/ModuleCache.noindex/Dispatch-2034Z6A6LK9ETQP8W3I5LPDGA.pcm /Users/bilalshihab/Library/Developer/Xcode/DerivedData/ModuleCache.noindex/SwiftUI-36W2H7IL69U027AH3RHESM474.pcm /Users/bilalshihab/Library/Developer/Xcode/DerivedData/ModuleCache.noindex/ptrcheck-9YL85FOOJG41UHDB89C4XVSM2.pcm /Users/bilalshihab/Library/Developer/Xcode/DerivedData/ModuleCache.noindex/ModelIO-CWGEX7WRCTUJR0E9RXQTKOCMG.pcm /Users/bilalshihab/Library/Developer/Xcode/DerivedData/ModuleCache.noindex/OpenGLES-DQUSGCPOX3V3GPI8SLMR5E8BV.pcm /Users/bilalshihab/Library/Developer/Xcode/DerivedData/ModuleCache.noindex/MetalKit-26MTAWPYRN641UWBOU48U7RIV.pcm /Users/bilalshihab/Library/Developer/Xcode/DerivedData/ModuleCache.noindex/CoreImage-DZWGK07MR3PDH4RW4PDSMVZLR.pcm /Users/bilalshihab/Library/Developer/Xcode/DerivedData/ModuleCache.noindex/OSLog-8JMO3PF9EQWDPE2IG0FA2PH0D.pcm /Users/bilalshihab/Library/Developer/Xcode/DerivedData/ModuleCache.noindex/_Builtin_stdint-4MOXIJG5M99Y1LD5O4ZNF6O0P.pcm /Users/bilalshihab/Library/Developer/Xcode/DerivedData/ModuleCache.noindex/UIKit-41DAXUU7OKE9Q7NJ9XNFY44R8.pcm /Users/bilalshihab/Library/Developer/Xcode/DerivedData/ModuleCache.noindex/os-EUK7MTYCYPZULM83HZ87HP0TO.pcm /Users/bilalshihab/Library/Developer/Xcode/DerivedData/ModuleCache.noindex/SwiftUICore-5ZT187WMTZHSQ0V3CYGUFR4AM.pcm /Users/bilalshihab/Library/Developer/Xcode/DerivedData/ModuleCache.noindex/dnssd-B6CGAKU2RRL6CJZT1KBM4JMB2.pcm /Users/bilalshihab/Library/Developer/Xcode/DerivedData/ModuleCache.noindex/simd-DR66XF3K611A2TCCK81BS7RTF.pcm /Users/bilalshihab/Library/Developer/Xcode/DerivedData/ModuleCache.noindex/_DarwinFoundation2-5F3Y17F4K7YMATW4DYSVS8OYT.pcm /Users/bilalshihab/Library/Developer/Xcode/DerivedData/ModuleCache.noindex/_Builtin_limits-BPRYIN8S67JU5EFE9Q24GXZ47.pcm /Users/bilalshihab/Library/Developer/Xcode/DerivedData/ModuleCache.noindex/Security-AG642I4O6Q3KPSM9FZEHVGMU6.pcm /Users/bilalshihab/Library/Developer/Xcode/DerivedData/curby-eezqjhizyeedingcpgpfxuniqpdy/Build/Intermediates.noindex/SwiftExplicitPrecompiledModules/MapboxCommon-319FOH1IPE6WP328FI991FNRN.pcm /Users/bilalshihab/Library/Developer/Xcode/DerivedData/ModuleCache.noindex/Metal-1NF17S6EZVDC7FFEQEUZXAGCY.pcm /Users/bilalshihab/Library/Developer/Xcode/DerivedData/ModuleCache.noindex/_Builtin_stddef-41X7W9O0ROJNPEMXJOO1V1CDZ.pcm /Users/bilalshihab/Library/Developer/Xcode/DerivedData/ModuleCache.noindex/UniformTypeIdentifiers-7LEK6SIP6HAYX80LZ7YS2BDVJ.pcm /Users/bilalshihab/Library/Developer/Xcode/DerivedData/ModuleCache.noindex/IOSurface-2LFVXDJ6PZIM50STFGDQ8KKHW.pcm /Users/bilalshihab/Library/Developer/Xcode/DerivedData/ModuleCache.noindex/ObjectiveC-28C2T67WI370NA1OCRZ5LTU8U.pcm /Users/bilalshihab/Library/Developer/Xcode/DerivedData/ModuleCache.noindex/CoreAudio-D2UMQNJU95F39FXX49DDWF5OQ.pcm /Users/bilalshihab/Library/Developer/Xcode/DerivedData/curby-eezqjhizyeedingcpgpfxuniqpdy/Build/Intermediates.noindex/curby.build/Release-iphonesimulator/curby.build/Objects-normal/x86_64/curby-dependencies-1.json (in target 'curby' from project 'curby')
CompileSwift normal x86_64 (in target 'curby' from project 'curby')
    cd /Users/bilalshihab/dev/curby
    

** BUILD FAILED **


The following build commands failed:
	SwiftCompile normal arm64 Compiling\ CameraController.swift,\ CameraState.swift,\ Constants.swift,\ CurbyAPIClient.swift,\ CurbyAPIModels.swift,\ CurbyUserIdentity.swift,\ ParkingWebSocketManager.swift,\ RemoteConfigService.swift,\ HeatZone.swift,\ HeatZoneDetailView.swift,\ HeatZoneGeometry.swift,\ HeatZoneManager.swift,\ HeatZoneOverlay.swift,\ ParkingRoadAlignment.swift,\ ParkingStructureAlignment.swift,\ ParkingZoneMapStyleContent.swift,\ LocationService.swift,\ ParkingEventDetector.swift,\ TelemetryUploader.swift,\ CurbyLiveParkingMapStyleContent.swift,\ CurbyMapView.swift,\ DeveloperDebugMapStyleContent.swift,\ DroppedPinAnnotation.swift,\ ExpandedMapView.swift,\ MotionStateManager.swift,\ OnboardingState.swift,\ OnboardingView.swift,\ SettingsView.swift,\ LiveParkingArea.swift,\ ParkingAreaDetailView.swift,\ ParkingAreaManager.swift,\ PopularLocation.swift,\ SearchState.swift,\ SearchView.swift,\ RecenterButton.swift,\ BottomSheetComponents.swift,\ CurbyGlass.swift,\ CurbyHaptics.swift,\ MapOverlayView.swift,\ ContentView.swift,\ curbyApp.swift,\ MainNavigationView.swift,\ GeneratedAssetSymbols.swift /Users/bilalshihab/dev/curby/curby/Camera/CameraController.swift /Users/bilalshihab/dev/curby/curby/Camera/CameraState.swift /Users/bilalshihab/dev/curby/curby/Core/Constants.swift /Users/bilalshihab/dev/curby/curby/Core/CurbyAPIClient.swift /Users/bilalshihab/dev/curby/curby/Core/CurbyAPIModels.swift /Users/bilalshihab/dev/curby/curby/Core/CurbyUserIdentity.swift /Users/bilalshihab/dev/curby/curby/Core/ParkingWebSocketManager.swift /Users/bilalshihab/dev/curby/curby/Core/RemoteConfigService.swift /Users/bilalshihab/dev/curby/curby/HeatZone/HeatZone.swift /Users/bilalshihab/dev/curby/curby/HeatZone/HeatZoneDetailView.swift /Users/bilalshihab/dev/curby/curby/HeatZone/HeatZoneGeometry.swift /Users/bilalshihab/dev/curby/curby/HeatZone/HeatZoneManager.swift /Users/bilalshihab/dev/curby/curby/HeatZone/HeatZoneOverlay.swift /Users/bilalshihab/dev/curby/curby/HeatZone/ParkingRoadAlignment.swift /Users/bilalshihab/dev/curby/curby/HeatZone/ParkingStructureAlignment.swift /Users/bilalshihab/dev/curby/curby/HeatZone/ParkingZoneMapStyleContent.swift /Users/bilalshihab/dev/curby/curby/Location/LocationService.swift /Users/bilalshihab/dev/curby/curby/Location/ParkingEventDetector.swift /Users/bilalshihab/dev/curby/curby/Location/TelemetryUploader.swift /Users/bilalshihab/dev/curby/curby/Map/CurbyLiveParkingMapStyleContent.swift /Users/bilalshihab/dev/curby/curby/Map/CurbyMapView.swift /Users/bilalshihab/dev/curby/curby/Map/DeveloperDebugMapStyleContent.swift /Users/bilalshihab/dev/curby/curby/Map/DroppedPinAnnotation.swift /Users/bilalshihab/dev/curby/curby/Map/ExpandedMapView.swift /Users/bilalshihab/dev/curby/curby/Motion/MotionStateManager.swift /Users/bilalshihab/dev/curby/curby/Onboarding/OnboardingState.swift /Users/bilalshihab/dev/curby/curby/Onboarding/OnboardingView.swift /Users/bilalshihab/dev/curby/curby/Onboarding/SettingsView.swift /Users/bilalshihab/dev/curby/curby/Parking/LiveParkingArea.swift /Users/bilalshihab/dev/curby/curby/Parking/ParkingAreaDetailView.swift /Users/bilalshihab/dev/curby/curby/Parking/ParkingAreaManager.swift /Users/bilalshihab/dev/curby/curby/Search/PopularLocation.swift /Users/bilalshihab/dev/curby/curby/Search/SearchState.swift /Users/bilalshihab/dev/curby/curby/Search/SearchView.swift /Users/bilalshihab/dev/curby/curby/UI/Components/RecenterButton.swift /Users/bilalshihab/dev/curby/curby/UI/BottomSheetComponents.swift /Users/bilalshihab/dev/curby/curby/UI/CurbyGlass.swift /Users/bilalshihab/dev/curby/curby/UI/CurbyHaptics.swift /Users/bilalshihab/dev/curby/curby/UI/MapOverlayView.swift /Users/bilalshihab/dev/curby/curby/ContentView.swift /Users/bilalshihab/dev/curby/curby/curbyApp.swift /Users/bilalshihab/dev/curby/curby/MainNavigationView.swift /Users/bilalshihab/Library/Developer/Xcode/DerivedData/curby-eezqjhizyeedingcpgpfxuniqpdy/Build/Intermediates.noindex/curby.build/Release-iphonesimulator/curby.build/DerivedSources/GeneratedAssetSymbols.swift /Applications/Xcode.app/Contents/Developer/Toolchains/XcodeDefault.xctoolchain/usr/lib/swift/iphonesimulator/prebuilt-modules/26.4/System.swiftmodule/arm64-apple-ios-simulator.swiftmodule /Applications/Xcode.app/Contents/Developer/Toolchains/XcodeDefault.xctoolchain/usr/lib/swift/iphonesimulator/prebuilt-modules/26.4/GeoToolbox.swiftmodule/arm64-apple-ios-simulator.swiftmodule /Applications/Xcode.app/Contents/Developer/Toolchains/XcodeDefault.xctoolchain/usr/lib/swift/iphonesimulator/prebuilt-modules/26.4/Accessibility.swiftmodule/arm64-apple-ios-simulator.swiftmodule /Applications/Xcode.app/Contents/Developer/Toolchains/XcodeDefault.xctoolchain/usr/lib/swift/iphonesimulator/prebuilt-modules/26.4/Spatial.swiftmodule/arm64-apple-ios-simulator.swiftmodule /Applications/Xcode.app/Contents/Developer/Toolchains/XcodeDefault.xctoolchain/usr/lib/swift/iphonesimulator/prebuilt-modules/26.4/CoreLocation.swiftmodule/arm64-apple-ios-simulator.swiftmodule /Applications/Xcode.app/Contents/Developer/Toolchains/XcodeDefault.xctoolchain/usr/lib/swift/iphonesimulator/prebuilt-modules/26.4/DataDetection.swiftmodule/arm64-apple-ios-simulator.swiftmodule /Applications/Xcode.app/Contents/Developer/Toolchains/XcodeDefault.xctoolchain/usr/lib/swift/iphonesimulator/prebuilt-modules/26.4/_DarwinFoundation1.swiftmodule/arm64-apple-ios-simulator.swiftmodule /Users/bilalshihab/Library/Developer/Xcode/DerivedData/curby-eezqjhizyeedingcpgpfxuniqpdy/Build/Products/Release-iphonesimulator/PhosphorSwift.swiftmodule/arm64-apple-ios-simulator.swiftmodule /Applications/Xcode.app/Contents/Developer/Toolchains/XcodeDefault.xctoolchain/usr/lib/swift/iphonesimulator/prebuilt-modules/26.4/os.swiftmodule/arm64-apple-ios-simulator.swiftmodule /Applications/Xcode.app/Contents/Developer/Toolchains/XcodeDefault.xctoolchain/usr/lib/swift/iphonesimulator/prebuilt-modules/26.4/CarPlay.swiftmodule/arm64-apple-ios-simulator.swiftmodule /Users/bilalshihab/Library/Developer/Xcode/DerivedData/curby-eezqjhizyeedingcpgpfxuniqpdy/Build/Intermediates.noindex/SwiftExplicitPrecompiledModules/Turf-27OUJA2OGDF4L.swiftmodule /Applications/Xcode.app/Contents/Developer/Toolchains/XcodeDefault.xctoolchain/usr/lib/swift/iphonesimulator/prebuilt-modules/26.4/Swift.swiftmodule/arm64-apple-ios-simulator.swiftmodule /Applications/Xcode.app/Contents/Developer/Toolchains/XcodeDefault.xctoolchain/usr/lib/swift/iphonesimulator/prebuilt-modules/26.4/Foundation.swiftmodule/arm64-apple-ios-simulator.swiftmodule /Applications/Xcode.app/Contents/Developer/Toolchains/XcodeDefault.xctoolchain/usr/lib/swift/iphonesimulator/prebuilt-modules/26.4/_StringProcessing.swiftmodule/arm64-apple-ios-simulator.swiftmodule /Applications/Xcode.app/Contents/Developer/Toolchains/XcodeDefault.xctoolchain/usr/lib/swift/iphonesimulator/prebuilt-modules/26.4/Distributed.swiftmodule/arm64-apple-ios-simulator.swiftmodule /Applications/Xcode.app/Contents/Developer/Toolchains/XcodeDefault.xctoolchain/usr/lib/swift/iphonesimulator/prebuilt-modules/26.4/DeveloperToolsSupport.swiftmodule/arm64-apple-ios-simulator.swiftmodule /Applications/Xcode.app/Contents/Developer/Toolchains/XcodeDefault.xctoolchain/usr/lib/swift/iphonesimulator/prebuilt-modules/26.4/Symbols.swiftmodule/arm64-apple-ios-simulator.swiftmodule /Applications/Xcode.app/Contents/Developer/Toolchains/XcodeDefault.xctoolchain/usr/lib/swift/iphonesimulator/prebuilt-modules/26.4/_DarwinFoundation2.swiftmodule/arm64-apple-ios-simulator.swiftmodule /Applications/Xcode.app/Contents/Developer/Toolchains/XcodeDefault.xctoolchain/usr/lib/swift/iphonesimulator/prebuilt-modules/26.4/_Concurrency.swiftmodule/arm64-apple-ios-simulator.swiftmodule /Applications/Xcode.app/Contents/Developer/Toolchains/XcodeDefault.xctoolchain/usr/lib/swift/iphonesimulator/prebuilt-modules/26.4/CoreVideo.swiftmodule/arm64-apple-ios-simulator.swiftmodule /Applications/Xcode.app/Contents/Developer/Toolchains/XcodeDefault.xctoolchain/usr/lib/swift/iphonesimulator/prebuilt-modules/26.4/UIKit.swiftmodule/arm64-apple-ios-simulator.swiftmodule /Users/bilalshihab/Library/Developer/Xcode/DerivedData/curby-eezqjhizyeedingcpgpfxuniqpdy/Build/Products/Release-iphonesimulator/MapboxMaps.swiftmodule/arm64-apple-ios-simulator.swiftmodule /Applications/Xcode.app/Contents/Developer/Toolchains/XcodeDefault.xctoolchain/usr/lib/swift/iphonesimulator/prebuilt-modules/26.4/ModelIO.swiftmodule/arm64-apple-ios-simulator.swiftmodule /Applications/Xcode.app/Contents/Developer/Toolchains/XcodeDefault.xctoolchain/usr/lib/swift/iphonesimulator/prebuilt-modules/26.4/simd.swiftmodule/arm64-apple-ios-simulator.swiftmodule /Applications/Xcode.app/Contents/Developer/Toolchains/XcodeDefault.xctoolchain/usr/lib/swift/iphonesimulator/prebuilt-modules/26.4/OSLog.swiftmodule/arm64-apple-ios-simulator.swiftmodule /Applications/Xcode.app/Contents/Developer/Toolchains/XcodeDefault.xctoolchain/usr/lib/swift/iphonesimulator/prebuilt-modules/26.4/SwiftUICore.swiftmodule/arm64-apple-ios-simulator.swiftmodule /Applications/Xcode.app/Contents/Developer/Toolchains/XcodeDefault.xctoolchain/usr/lib/swift/iphonesimulator/prebuilt-modules/26.4/CoreImage.swiftmodule/arm64-apple-ios-simulator.swiftmodule /Applications/Xcode.app/Contents/Developer/Toolchains/XcodeDefault.xctoolchain/usr/lib/swift/iphonesimulator/prebuilt-modules/26.4/CoreMedia.swiftmodule/arm64-apple-ios-simulator.swiftmodule /Applications/Xcode.app/Contents/Developer/Toolchains/XcodeDefault.xctoolchain/usr/lib/swift/iphonesimulator/prebuilt-modules/26.4/_DarwinFoundation3.swiftmodule/arm64-apple-ios-simulator.swiftmodule /Users/bilalshihab/Library/Developer/Xcode/DerivedData/curby-eezqjhizyeedingcpgpfxuniqpdy/Build/Intermediates.noindex/SwiftExplicitPrecompiledModules/MapboxCommon-3LK4PBVJ67LU5.swiftmodule /Applications/Xcode.app/Contents/Developer/Toolchains/XcodeDefault.xctoolchain/usr/lib/swift/iphonesimulator/prebuilt-modules/26.4/Combine.swiftmodule/arm64-apple-ios-simulator.swiftmodule /Applications/Xcode.app/Contents/Developer/Toolchains/XcodeDefault.xctoolchain/usr/lib/swift/iphonesimulator/prebuilt-modules/26.4/MetalKit.swiftmodule/arm64-apple-ios-simulator.swiftmodule /Applications/Xcode.app/Contents/Developer/Toolchains/XcodeDefault.xctoolchain/usr/lib/swift/iphonesimulator/prebuilt-modules/26.4/CoreAudio.swiftmodule/arm64-apple-ios-simulator.swiftmodule /Applications/Xcode.app/Contents/Developer/Toolchains/XcodeDefault.xctoolchain/usr/lib/swift/iphonesimulator/prebuilt-modules/26.4/CoreData.swiftmodule/arm64-apple-ios-simulator.swiftmodule /Applications/Xcode.app/Contents/Developer/Toolchains/XcodeDefault.xctoolchain/usr/lib/swift/iphonesimulator/prebuilt-modules/26.4/Darwin.swiftmodule/arm64-apple-ios-simulator.swiftmodule /Applications/Xcode.app/Contents/Developer/Toolchains/XcodeDefault.xctoolchain/usr/lib/swift/iphonesimulator/prebuilt-modules/26.4/SwiftUI.swiftmodule/arm64-apple-ios-simulator.swiftmodule /Applications/Xcode.app/Contents/Developer/Toolchains/XcodeDefault.xctoolchain/usr/lib/swift/iphonesimulator/prebuilt-modules/26.4/CoreFoundation.swiftmodule/arm64-apple-ios-simulator.swiftmodule /Applications/Xcode.app/Contents/Developer/Toolchains/XcodeDefault.xctoolchain/usr/lib/swift/iphonesimulator/prebuilt-modules/26.4/_MapKit_SwiftUI.swiftmodule/arm64-apple-ios-simulator.swiftmodule /Applications/Xcode.app/Contents/Developer/Toolchains/XcodeDefault.xctoolchain/usr/lib/swift/iphonesimulator/prebuilt-modules/26.4/MapKit.swiftmodule/arm64-apple-ios-simulator.swiftmodule /Applications/Xcode.app/Contents/Developer/Toolchains/XcodeDefault.xctoolchain/usr/lib/swift/iphonesimulator/prebuilt-modules/26.4/CoreGraphics.swiftmodule/arm64-apple-ios-simulator.swiftmodule /Applications/Xcode.app/Contents/Developer/Toolchains/XcodeDefault.xctoolchain/usr/lib/swift/iphonesimulator/prebuilt-modules/26.4/WebKit.swiftmodule/arm64-apple-ios-simulator.swiftmodule /Applications/Xcode.app/Contents/Developer/Toolchains/XcodeDefault.xctoolchain/usr/lib/swift/iphonesimulator/prebuilt-modules/26.4/ObjectiveC.swiftmodule/arm64-apple-ios-simulator.swiftmodule /Applications/Xcode.app/Contents/Developer/Toolchains/XcodeDefault.xctoolchain/usr/lib/swift/iphonesimulator/prebuilt-modules/26.4/FileProvider.swiftmodule/arm64-apple-ios-simulator.swiftmodule /Applications/Xcode.app/Contents/Developer/Toolchains/XcodeDefault.xctoolchain/usr/lib/swift/iphonesimulator/prebuilt-modules/26.4/XPC.swiftmodule/arm64-apple-ios-simulator.swiftmodule /Applications/Xcode.app/Contents/Developer/Toolchains/XcodeDefault.xctoolchain/usr/lib/swift/iphonesimulator/prebuilt-modules/26.4/Network.swiftmodule/arm64-apple-ios-simulator.swiftmodule /Applications/Xcode.app/Contents/Developer/Toolchains/XcodeDefault.xctoolchain/usr/lib/swift/iphonesimulator/prebuilt-modules/26.4/Metal.swiftmodule/arm64-apple-ios-simulator.swiftmodule /Applications/Xcode.app/Contents/Developer/Toolchains/XcodeDefault.xctoolchain/usr/lib/swift/iphonesimulator/prebuilt-modules/26.4/CoreText.swiftmodule/arm64-apple-ios-simulator.swiftmodule /Applications/Xcode.app/Contents/Developer/Toolchains/XcodeDefault.xctoolchain/usr/lib/swift/iphonesimulator/prebuilt-modules/26.4/QuartzCore.swiftmodule/arm64-apple-ios-simulator.swiftmodule /Applications/Xcode.app/Contents/Developer/Toolchains/XcodeDefault.xctoolchain/usr/lib/swift/iphonesimulator/prebuilt-modules/26.4/Observation.swiftmodule/arm64-apple-ios-simulator.swiftmodule /Applications/Xcode.app/Contents/Developer/Toolchains/XcodeDefault.xctoolchain/usr/lib/swift/iphonesimulator/prebuilt-modules/26.4/UniformTypeIdentifiers.swiftmodule/arm64-apple-ios-simulator.swiftmodule /Applications/Xcode.app/Contents/Developer/Toolchains/XcodeDefault.xctoolchain/usr/lib/swift/iphonesimulator/prebuilt-modules/26.4/Dispatch.swiftmodule/arm64-apple-ios-simulator.swiftmodule /Users/bilalshihab/Library/Developer/Xcode/DerivedData/curby-eezqjhizyeedingcpgpfxuniqpdy/Build/Intermediates.noindex/SwiftExplicitPrecompiledModules/MapboxCoreMaps-14TJ5FAQAQFZ2.swiftmodule /Applications/Xcode.app/Contents/Developer/Toolchains/XcodeDefault.xctoolchain/usr/lib/swift/iphonesimulator/prebuilt-modules/26.4/_Builtin_float.swiftmodule/arm64-apple-ios-simulator.swiftmodule /Applications/Xcode.app/Contents/Developer/Toolchains/XcodeDefault.xctoolchain/usr/lib/swift/iphonesimulator/prebuilt-modules/26.4/CoreTransferable.swiftmodule/arm64-apple-ios-simulator.swiftmodule /Users/bilalshihab/Library/Developer/Xcode/DerivedData/ModuleCache.noindex/CoreMedia-1B5O4FBU45ZV1MLGAGMDH9GC6.pcm /Users/bilalshihab/Library/Developer/Xcode/DerivedData/ModuleCache.noindex/_AvailabilityInternal-3ZMRWZSYJ3MY4TBV3XWGBAVZ9.pcm /Users/bilalshihab/Library/Developer/Xcode/DerivedData/ModuleCache.noindex/_SwiftConcurrencyShims-63I0D7N821ZY1H27YU7UKZ4YA.pcm /Users/bilalshihab/Library/Developer/Xcode/DerivedData/ModuleCache.noindex/Network-7890YRYLT55T8FEK4MU6C6A4H.pcm /Users/bilalshihab/Library/Developer/Xcode/DerivedData/ModuleCache.noindex/os-16849GHG84F0S3J949JNHUFT4.pcm /Users/bilalshihab/Library/Developer/Xcode/DerivedData/ModuleCache.noindex/Metal-DCRDHEES0FN7026AZ65Y9332N.pcm /Users/bilalshihab/Library/Developer/Xcode/DerivedData/ModuleCache.noindex/_Builtin_float-5W4VMAEXP1N7KTEQKKIWW6X7X.pcm /Users/bilalshihab/Library/Developer/Xcode/DerivedData/ModuleCache.noindex/ptrcheck-DXYRAMBHMV016EPE0CYF0AHLI.pcm /Users/bilalshihab/Library/Developer/Xcode/DerivedData/ModuleCache.noindex/CarPlay-98VIZL4Y5ED8EER9Q6ZBZ4DZ1.pcm /Users/bilalshihab/Library/Developer/Xcode/DerivedData/ModuleCache.noindex/ModelIO-LR3P8Y5GV5UU7LAXMLIMM3DZ.pcm /Users/bilalshihab/Library/Developer/Xcode/DerivedData/ModuleCache.noindex/CoreText-WEUGRECH15ZBA3OBYGSO834Z.pcm /Users/bilalshihab/Library/Developer/Xcode/DerivedData/ModuleCache.noindex/FileProvider-BXMYV51WVT8WAEZ752F6W1Y0V.pcm /Users/bilalshihab/Library/Developer/Xcode/DerivedData/ModuleCache.noindex/DataDetection-4Y2NDAWOLSH58D5I893O06H7V.pcm /Users/bilalshihab/Library/Developer/Xcode/DerivedData/ModuleCache.noindex/CoreFoundation-1YHJ7PWFD9QTYFMU2P7IL01EJ.pcm /Users/bilalshihab/Library/Developer/Xcode/DerivedData/ModuleCache.noindex/CoreGraphics-BT3RQRNCI4DFPVW5YXDUU31RB.pcm /Users/bilalshihab/Library/Developer/Xcode/DerivedData/ModuleCache.noindex/WebKit-3UHCVJ1XIANG5TFD247C5GAHQ.pcm /Users/bilalshihab/Library/Developer/Xcode/DerivedData/ModuleCache.noindex/_DarwinFoundation3-11GEMN5R6LQFNSS4VNLHBR6EN.pcm /Users/bilalshihab/Library/Developer/Xcode/DerivedData/curby-eezqjhizyeedingcpgpfxuniqpdy/Build/Intermediates.noindex/SwiftExplicitPrecompiledModules/Turf-41RIYXF7EP31KJP5THO0CQDN6.pcm /Users/bilalshihab/Library/Developer/Xcode/DerivedData/ModuleCache.noindex/UniformTypeIdentifiers-4IM9TXOZ9Q1DY8LRG6QLBV9DV.pcm /Users/bilalshihab/Library/Developer/Xcode/DerivedData/ModuleCache.noindex/ImageIO-E6ZPXBZ10E2QJ6TPAOOI07Z8K.pcm /Users/bilalshihab/Library/Developer/Xcode/DerivedData/ModuleCache.noindex/CFNetwork-87HHLZ178ZMOTI5999RC0CXPY.pcm /Users/bilalshihab/Library/Developer/Xcode/DerivedData/curby-eezqjhizyeedingcpgpfxuniqpdy/Build/Intermediates.noindex/SwiftExplicitPrecompiledModules/MapboxCommon-3X37R3JUDTV285T0VO96SM2XB.pcm /Users/bilalshihab/Library/Developer/Xcode/DerivedData/ModuleCache.noindex/_Builtin_stddef-26FTMWE2FN2IF56USZZPPCJV9.pcm /Users/bilalshihab/Library/Developer/Xcode/DerivedData/ModuleCache.noindex/_LocationEssentials-63H14CN6JA7PA6NH3CHMWDQ9P.pcm /Users/bilalshihab/Library/Developer/Xcode/DerivedData/ModuleCache.noindex/Darwin-2UV6AUT9P27BX7FGJ6204IZB2.pcm /Users/bilalshihab/Library/Developer/Xcode/DerivedData/ModuleCache.noindex/UserNotifications-3HZD04WCI0BIEUYLH14R2E0A4.pcm /Users/bilalshihab/Library/Developer/Xcode/DerivedData/ModuleCache.noindex/CoreImage-CCBZMQ2CDM6VTVAGC05KF4H0F.pcm /Users/bilalshihab/Library/Developer/Xcode/DerivedData/ModuleCache.noindex/SwiftShims-3RP0IQ08AD5H2DG9EP3D908ZM.pcm /Users/bilalshihab/Library/Developer/Xcode/DerivedData/ModuleCache.noindex/Security-CPWBFDKDW19DA6TSNOR84VE0Q.pcm /Users/bilalshihab/Library/Developer/Xcode/DerivedData/ModuleCache.noindex/_Builtin_stdatomic-Z2J2SSPSYO901RYZFSC8XOIQ.pcm /Users/bilalshihab/Library/Developer/Xcode/DerivedData/ModuleCache.noindex/Symbols-C5RTYSK15KFS8D0X5VDSAGNL5.pcm /Users/bilalshihab/Library/Developer/Xcode/DerivedData/ModuleCache.noindex/OSLog-BZK15JCD245K6X4VL52BUTWWL.pcm /Users/bilalshihab/Library/Developer/Xcode/DerivedData/ModuleCache.noindex/sys_types-2V49U76KWZ4HKI0AWXDKRGXFX.pcm /Users/bilalshihab/Library/Developer/Xcode/DerivedData/ModuleCache.noindex/CoreData-4VUKLRQC6JLNE6LV25KRG56C3.pcm /Users/bilalshihab/Library/Developer/Xcode/DerivedData/ModuleCache.noindex/MapKit-2X3DJC53G9QAD7PX5F679GTI3.pcm /Users/bilalshihab/Library/Developer/Xcode/DerivedData/ModuleCache.noindex/CoreVideo-5CVAVU0ZTYCS5719MQ6NMQTO0.pcm /Users/bilalshihab/Library/Developer/Xcode/DerivedData/ModuleCache.noindex/_Builtin_inttypes-BM1QNFOM4ZNM1KUD8O9WFBYQ7.pcm /Users/bilalshihab/Library/Developer/Xcode/DerivedData/ModuleCache.noindex/MetalKit-A3M74ZCZ19K63PYV8HFFN1YUB.pcm /Users/bilalshihab/Library/Developer/Xcode/DerivedData/ModuleCache.noindex/OpenGLES-9LRFN93Z28IIL2X4EARJW40IZ.pcm /Users/bilalshihab/Library/Developer/Xcode/DerivedData/ModuleCache.noindex/UIKit-4GOF5E9TEK3N7TTBSU7WYVEQI.pcm /Users/bilalshihab/Library/Developer/Xcode/DerivedData/ModuleCache.noindex/CoreAudioTypes-QY93FRQ4EDFZLFIOHJ5YXBW1.pcm /Users/bilalshihab/Library/Developer/Xcode/DerivedData/ModuleCache.noindex/UIUtilities-2GG8HZ44OO1DZ9L2JTGG78P77.pcm /Users/bilalshihab/Library/Developer/Xcode/DerivedData/ModuleCache.noindex/SwiftUICore-DUIJ48TNIHB1FFJZ1P99AQNGS.pcm /Users/bilalshihab/Library/Developer/Xcode/DerivedData/ModuleCache.noindex/QuartzCore-8RPQ9NN52QJ82BE6DGNXSD91H.pcm /Users/bilalshihab/Library/Developer/Xcode/DerivedData/ModuleCache.noindex/os_object-35SN4RDLHIOBEG0TPJ5WD89NI.pcm /Users/bilalshihab/Library/Developer/Xcode/DerivedData/ModuleCache.noindex/os_workgroup-75CB6TBRES3HL2KBD7LX7UQ1A.pcm /Users/bilalshihab/Library/Developer/Xcode/DerivedData/ModuleCache.noindex/_Builtin_stdint-8S29NNYSF7TMK6YS46YGVUI95.pcm /Users/bilalshihab/Library/Developer/Xcode/DerivedData/ModuleCache.noindex/simd-77JCLHM2BAVN1TYI2TRTK6BFL.pcm /Users/bilalshihab/Library/Developer/Xcode/DerivedData/ModuleCache.noindex/IOSurface-2BIBH2UO1WDL0SXH8RMHE1HF4.pcm /Users/bilalshihab/Library/Developer/Xcode/DerivedData/ModuleCache.noindex/Spatial-A11N6U8HO4GK5UPIBACT0L60W.pcm /Users/bilalshihab/Library/Developer/Xcode/DerivedData/ModuleCache.noindex/_DarwinFoundation2-7XMLD5OJGE8RQFFJGNQFNN4RV.pcm /Users/bilalshihab/Library/Developer/Xcode/DerivedData/ModuleCache.noindex/CoreLocation-DBZLU1SCI5R40986YD021PYNN.pcm /Users/bilalshihab/Library/Developer/Xcode/DerivedData/ModuleCache.noindex/_Builtin_stdarg-8NWU4FL5WWU5XJEXNNIA11P5T.pcm /Users/bilalshihab/Library/Developer/Xcode/DerivedData/ModuleCache.noindex/ptrauth-DM7TWO7DE1PMSJW591S1X1FZM.pcm /Users/bilalshihab/Library/Developer/Xcode/DerivedData/ModuleCache.noindex/_Builtin_limits-E3OSDWPD8I3QPKW60ZIIATH9G.pcm /Users/bilalshihab/Library/Developer/Xcode/DerivedData/ModuleCache.noindex/_DarwinFoundation1-6FX4QW4Q73A8G6O2QNJKKMP0E.pcm /Users/bilalshihab/Library/Developer/Xcode/DerivedData/curby-eezqjhizyeedingcpgpfxuniqpdy/Build/Intermediates.noindex/SwiftExplicitPrecompiledModules/MapboxCoreMaps-9PSONBZ24T0K0OHDSVBP2AEP9.pcm /Users/bilalshihab/Library/Developer/Xcode/DerivedData/ModuleCache.noindex/DeveloperToolsSupport-BT3V80NY9RGKAIV47Z8Z7Z4ZC.pcm /Users/bilalshihab/Library/Developer/Xcode/DerivedData/ModuleCache.noindex/CoreTransferable-7084JGS1YAQ95QWJAYZC4YBCR.pcm /Users/bilalshihab/Library/Developer/Xcode/DerivedData/ModuleCache.noindex/_Builtin_intrinsics-1ETXEKJRJU6J9IACSNQX2NCW5.pcm /Users/bilalshihab/Library/Developer/Xcode/DerivedData/ModuleCache.noindex/XPC-3GQF7F5JWJY7NNQAI9HQP8VPL.pcm /Users/bilalshihab/Library/Developer/Xcode/DerivedData/ModuleCache.noindex/Foundation-C4YLH6H7G6FDUUAJVEUGP84XP.pcm /Users/bilalshihab/Library/Developer/Xcode/DerivedData/ModuleCache.noindex/Accessibility-9L76S9VUCWDZT5RY362UR8RS.pcm /Users/bilalshihab/Library/Developer/Xcode/DerivedData/ModuleCache.noindex/Dispatch-DMBUCQTZIOOJS8RN65DWB44K5.pcm /Users/bilalshihab/Library/Developer/Xcode/DerivedData/ModuleCache.noindex/MachO-4YUWLYQ6D6WQZOIFU8D6UBAU3.pcm /Users/bilalshihab/Library/Developer/Xcode/DerivedData/ModuleCache.noindex/CoreAudio-4VK1E6M81P5708ZQ8C76MZXY4.pcm /Users/bilalshihab/Library/Developer/Xcode/DerivedData/ModuleCache.noindex/_Builtin_tgmath-C5OZH39SU2R1K6F7BGVFOQS63.pcm /Users/bilalshihab/Library/Developer/Xcode/DerivedData/ModuleCache.noindex/ObjectiveC-3NPHVWGLTV8A68CVPVYAPX5BC.pcm /Users/bilalshihab/Library/Developer/Xcode/DerivedData/ModuleCache.noindex/_Builtin_stdbool-1E80WWPO2PBBSFLV7S893BBP6.pcm /Users/bilalshihab/Library/Developer/Xcode/DerivedData/ModuleCache.noindex/dnssd-DNHA2KANVWFULVX3AVN1DBXWV.pcm /Users/bilalshihab/Library/Developer/Xcode/DerivedData/ModuleCache.noindex/SwiftUI-DG9ZNONUP12KJQKKFGROFB8X1.pcm /Users/bilalshihab/Library/Developer/Xcode/DerivedData/curby-eezqjhizyeedingcpgpfxuniqpdy/Build/Intermediates.noindex/curby.build/Release-iphonesimulator/curby.build/Objects-normal/arm64/curby-dependencies-2.json (in target 'curby' from project 'curby')
	CompileSwift normal arm64 (in target 'curby' from project 'curby')
	Building project curby with scheme curby
(3 failures)
